Archive member included to satisfy reference by file (symbol)

D:/Software/Tools/CubeIDE/STM32CubeIDE_1.19.0/STM32CubeIDE/plugins/com.st.stm32cube.ide.mcu.externaltools.gnu-tools-for-stm32.13.3.rel1.win32_1.0.0.202411081344/tools/bin/../lib/gcc/arm-none-eabi/13.3.1/../../../../arm-none-eabi/lib/thumb/v7-m/nofp\libc_nano.a(libc_a-exit.o)
                              D:/Software/Tools/CubeIDE/STM32CubeIDE_1.19.0/STM32CubeIDE/plugins/com.st.stm32cube.ide.mcu.externaltools.gnu-tools-for-stm32.13.3.rel1.win32_1.0.0.202411081344/tools/bin/../lib/gcc/arm-none-eabi/13.3.1/../../../../arm-none-eabi/lib/thumb/v7-m/nofp/crt0.o (exit)
D:/Software/Tools/CubeIDE/STM32CubeIDE_1.19.0/STM32CubeIDE/plugins/com.st.stm32cube.ide.mcu.externaltools.gnu-tools-for-stm32.13.3.rel1.win32_1.0.0.202411081344/tools/bin/../lib/gcc/arm-none-eabi/13.3.1/../../../../arm-none-eabi/lib/thumb/v7-m/nofp\libc_nano.a(libc_a-ctype_.o)
                              ./Core/Src/led_text.o (_ctype_)
D:/Software/Tools/CubeIDE/STM32CubeIDE_1.19.0/STM32CubeIDE/plugins/com.st.stm32cube.ide.mcu.externaltools.gnu-tools-for-stm32.13.3.rel1.win32_1.0.0.202411081344/tools/bin/../lib/gcc/arm-none-eabi/13.3.1/../../../../arm-none-eabi/lib/thumb/v7-m/nofp\libc_nano.a(libc_a-findfp.o)
                              D:/Software/Tools/CubeIDE/STM32CubeIDE_1.19.0/STM32CubeIDE/plugins/com.st.stm32cube.ide.mcu.externaltools.gnu-tools-for-stm32.13.3.rel1.win32_1.0.0.202411081344/tools/bin/../lib/gcc/arm-none-eabi/13.3.1/../../../../arm-none-eabi/lib/thumb/v7-m/nofp\libc_nano.a(libc_a-exit.o) (__stdio_exit_handler)
D:/Software/Tools/CubeIDE/STM32CubeIDE_1.19.0/STM32CubeIDE/plugins/com.st.stm32cube.ide.mcu.externaltools.gnu-tools-for-stm32.13.3.rel1.win32_1.0.0.202411081344/tools/bin/../lib/gcc/arm-none-eabi/13.3.1/../../../../arm-none-eabi/lib/thumb/v7-m/nofp\libc_nano.a(libc_a-fwalk.o)
                              D:/Software/Tools/CubeIDE/STM32CubeIDE_1.19.0/STM32CubeIDE/plugins/com.st.stm32cube.ide.mcu.externaltools.gnu-tools-for-stm32.13.3.rel1.win32_1.0.0.202411081344/tools/bin/../lib/gcc/arm-none-eabi/13.3.1/../../../../arm-none-eabi/lib/thumb/v7-m/nofp\libc_nano.a(libc_a-findfp.o) (_fwalk_sglue)
D:/Software/Tools/CubeIDE/STM32CubeIDE_1.19.0/STM32CubeIDE/plugins/com.st.stm32cube.ide.mcu.externaltools.gnu-tools-for-stm32.13.3.rel1.win32_1.0.0.202411081344/tools/bin/../lib/gcc/arm-none-eabi/13.3.1/../../../../arm-none-eabi/lib/thumb/v7-m/nofp\libc_nano.a(libc_a-snprintf.o)
                              ./Core/Src/game_control.o (snprintf)
D:/Software/Tools/CubeIDE/STM32CubeIDE_1.19.0/STM32CubeIDE/plugins/com.st.stm32cube.ide.mcu.externaltools.gnu-tools-for-stm32.13.3.rel1.win32_1.0.0.202411081344/tools/bin/../lib/gcc/arm-none-eabi/13.3.1/../../../../arm-none-eabi/lib/thumb/v7-m/nofp\libc_nano.a(libc_a-sprintf.o)
                              ./Core/Src/othello_engine.o (sprintf)
D:/Software/Tools/CubeIDE/STM32CubeIDE_1.19.0/STM32CubeIDE/plugins/com.st.stm32cube.ide.mcu.externaltools.gnu-tools-for-stm32.13.3.rel1.win32_1.0.0.202411081344/tools/bin/../lib/gcc/arm-none-eabi/13.3.1/../../../../arm-none-eabi/lib/thumb/v7-m/nofp\libc_nano.a(libc_a-stdio.o)
                              D:/Software/Tools/CubeIDE/STM32CubeIDE_1.19.0/STM32CubeIDE/plugins/com.st.stm32cube.ide.mcu.externaltools.gnu-tools-for-stm32.13.3.rel1.win32_1.0.0.202411081344/tools/bin/../lib/gcc/arm-none-eabi/13.3.1/../../../../arm-none-eabi/lib/thumb/v7-m/nofp\libc_nano.a(libc_a-findfp.o) (__sread)
D:/Software/Tools/CubeIDE/STM32CubeIDE_1.19.0/STM32CubeIDE/plugins/com.st.stm32cube.ide.mcu.externaltools.gnu-tools-for-stm32.13.3.rel1.win32_1.0.0.202411081344/tools/bin/../lib/gcc/arm-none-eabi/13.3.1/../../../../arm-none-eabi/lib/thumb/v7-m/nofp\libc_nano.a(libc_a-memset.o)
                              D:/Software/Tools/CubeIDE/STM32CubeIDE_1.19.0/STM32CubeIDE/plugins/com.st.stm32cube.ide.mcu.externaltools.gnu-tools-for-stm32.13.3.rel1.win32_1.0.0.202411081344/tools/bin/../lib/gcc/arm-none-eabi/13.3.1/../../../../arm-none-eabi/lib/thumb/v7-m/nofp/crt0.o (memset)
D:/Software/Tools/CubeIDE/STM32CubeIDE_1.19.0/STM32CubeIDE/plugins/com.st.stm32cube.ide.mcu.externaltools.gnu-tools-for-stm32.13.3.rel1.win32_1.0.0.202411081344/tools/bin/../lib/gcc/arm-none-eabi/13.3.1/../../../../arm-none-eabi/lib/thumb/v7-m/nofp\libc_nano.a(libc_a-closer.o)
                              D:/Software/Tools/CubeIDE/STM32CubeIDE_1.19.0/STM32CubeIDE/plugins/com.st.stm32cube.ide.mcu.externaltools.gnu-tools-for-stm32.13.3.rel1.win32_1.0.0.202411081344/tools/bin/../lib/gcc/arm-none-eabi/13.3.1/../../../../arm-none-eabi/lib/thumb/v7-m/nofp\libc_nano.a(libc_a-stdio.o) (_close_r)
D:/Software/Tools/CubeIDE/STM32CubeIDE_1.19.0/STM32CubeIDE/plugins/com.st.stm32cube.ide.mcu.externaltools.gnu-tools-for-stm32.13.3.rel1.win32_1.0.0.202411081344/tools/bin/../lib/gcc/arm-none-eabi/13.3.1/../../../../arm-none-eabi/lib/thumb/v7-m/nofp\libc_nano.a(libc_a-reent.o)
[...]
Memory Configuration

Name             Origin             Length             Attributes
RAM              0x20000000         0x00005000         xrw
FLASH            0x08000000         0x00010000         xr
*default*        0x00000000         0xffffffff

Linker script and memory map

LOAD D:/Software/Tools/CubeIDE/STM32CubeIDE_1.19.0/STM32CubeIDE/plugins/com.st.stm32cube.ide.mcu.externaltools.gnu-tools-for-stm32.13.3.rel1.win32_1.0.0.202411081344/tools/bin/../lib/gcc/arm-none-eabi/13.3.1/thumb/v7-m/nofp/crti.o
LOAD D:/Software/Tools/CubeIDE/STM32CubeIDE_1.19.0/STM32CubeIDE/plugins/com.st.stm32cube.ide.mcu.externaltools.gnu-tools-for-stm32.13.3.rel1.win32_1.0.0.202411081344/tools/bin/../lib/gcc/arm-none-eabi/13.3.1/thumb/v7-m/nofp/crtbegin.o
LOAD D:/Software/Tools/CubeIDE/STM32CubeIDE_1.19.0/STM32CubeIDE/plugins/com.st.stm32cube.ide.mcu.externaltools.gnu-tools-for-stm32.13.3.rel1.win32_1.0.0.202411081344/tools/bin/../lib/gcc/arm-none-eabi/13.3.1/../../../../arm-none-eabi/lib/thumb/v7-m/nofp/crt0.o
LOAD ./Core/Src/challenge_mode.o
LOAD ./Core/Src/debug_print.o
LOAD ./Core/Src/game_control.o
LOAD ./Core/Src/keypad_driver.o
LOAD ./Core/Src/led_text.o
LOAD ./Core/Src/main.o
LOAD ./Core/Src/othello_engine.o
LOAD ./Core/Src/stm32f1xx_hal_msp.o
LOAD ./Core/Src/stm32f1xx_it.o
LOAD ./Core/Src/syscalls.o
LOAD ./Core/Src/sysmem.o
LOAD ./Core/Src/system_stm32f1xx.o
LOAD ./Core/Src/uart_protocol.o
LOAD ./Core/Src/ws2812b_driver.o
LOAD ./Core/Startup/startup_stm32f103c8tx.o
LOAD ./Drivers/STM32F1xx_HAL_Driver/Src/stm32f1xx_hal.o
LOAD ./Drivers/STM32F1xx_HAL_Driver/Src/stm32f1xx_hal_cortex.o
LOAD ./Drivers/STM32F1xx_HAL_Driver/Src/stm32f1xx_hal_dma.o
LOAD ./Drivers/STM32F1xx_HAL_Driver/Src/stm32f1xx_hal_exti.o
LOAD ./Drivers/STM32F1xx_HAL_Driver/Src/stm32f1xx_hal_flash.o
LOAD ./Drivers/STM32F1xx_HAL_Driver/Src/stm32f1xx_hal_flash_ex.o
LOAD ./Drivers/STM32F1xx_HAL_Driver/Src/stm32f1xx_hal_gpio.o
LOAD ./Drivers/STM32F1xx_HAL_Driver/Src/stm32f1xx_hal_gpio_ex.o
LOAD ./Drivers/STM32F1xx_HAL_Driver/Src/stm32f1xx_hal_pwr.o
LOAD ./Drivers/STM32F1xx_HAL_Driver/Src/stm32f1xx_hal_rcc.o
LOAD ./Drivers/STM32F1xx_HAL_Driver/Src/stm32f1xx_hal_rcc_ex.o
LOAD ./Drivers/STM32F1xx_HAL_Driver/Src/stm32f1xx_hal_tim.o
LOAD ./Drivers/STM32F1xx_HAL_Driver/Src/stm32f1xx_hal_tim_ex.o
LOAD ./Drivers/STM32F1xx_HAL_Driver/Src/stm32f1xx_hal_uart.o
START GROUP
LOAD D:/Software/Tools/CubeIDE/STM32CubeIDE_1.19.0/STM32CubeIDE/plugins/com.st.stm32cube.ide.mcu.externaltools.gnu-tools-for-stm32.13.3.rel1.win32_1.0.0.202411081344/tools/bin/../lib/gcc/arm-none-eabi/13.3.1/../../../../arm-none-eabi/lib/thumb/v7-m/nofp\libc_nano.a
LOAD D:/Software/Tools/CubeIDE/STM32CubeIDE_1.19.0/STM32CubeIDE/plugins/com.st.stm32cube.ide.mcu.externaltools.gnu-tools-for-stm32.13.3.rel1.win32_1.0.0.202411081344/tools/bin/../lib/gcc/arm-none-eabi/13.3.1/../../../../arm-none-eabi/lib/thumb/v7-m/nofp\libm.a
END GROUP
START GROUP
LOAD D:/Software/Tools/CubeIDE/STM32CubeIDE_1.19.0/STM32CubeIDE/plugins/com.st.stm32cube.ide.mcu.externaltools.gnu-tools-for-stm32.13.3.rel1.win32_1.0.0.202411081344/tools/bin/../lib/gcc/arm-none-eabi/13.3.1/thumb/v7-m/nofp\libgcc.a
LOAD D:/Software/Tools/CubeIDE/STM32CubeIDE_1.19.0/STM32CubeIDE/plugins/com.st.stm32cube.ide.mcu.externaltools.gnu-tools-for-stm32.13.3.rel1.win32_1.0.0.202411081344/tools/bin/../lib/gcc/arm-none-eabi/13.3.1/../../../../arm-none-eabi/lib/thumb/v7-m/nofp\libc_nano.a
END GROUP
START GROUP
LOAD D:/Software/Tools/CubeIDE/STM32CubeIDE_1.19.0/STM32CubeIDE/plugins/com.st.stm32cube.ide.mcu.externaltools.gnu-tools-for-stm32.13.3.rel1.win32_1.0.0.202411081344/tools/bin/../lib/gcc/arm-none-eabi/13.3.1/thumb/v7-m/nofp\libgcc.a
LOAD D:/Software/Tools/CubeIDE/STM32CubeIDE_1.19.0/STM32CubeIDE/plugins/com.st.stm32cube.ide.mcu.externaltools.gnu-tools-for-stm32.13.3.rel1.win32_1.0.0.202411081344/tools/bin/../lib/gcc/arm-none-eabi/13.3.1/../../../../arm-none-eabi/lib/thumb/v7-m/nofp\libc_nano.a
LOAD D:/Software/Tools/CubeIDE/STM32CubeIDE_1.19.0/STM32CubeIDE/plugins/com.st.stm32cube.ide.mcu.externaltools.gnu-tools-for-stm32.13.3.rel1.win32_1.0.0.202411081344/tools/bin/../lib/gcc/arm-none-eabi/13.3.1/../../../../arm-none-eabi/lib/thumb/v7-m/nofp\libnosys.a
END GROUP
START GROUP
LOAD D:/Software/Tools/CubeIDE/STM32CubeIDE_1.19.0/STM32CubeIDE/plugins/com.st.stm32cube.ide.mcu.externaltools.gnu-tools-for-stm32.13.3.rel1.win32_1.0.0.202411081344/tools/bin/../lib/gcc/arm-none-eabi/13.3.1/thumb/v7-m/nofp\libgcc.a
LOAD D:/Software/Tools/CubeIDE/STM32CubeIDE_1.19.0/STM32CubeIDE/plugins/com.st.stm32cube.ide.mcu.externaltools.gnu-tools-for-stm32.13.3.rel1.win32_1.0.0.202411081344/tools/bin/../lib/gcc/arm-none-eabi/13.3.1/../../../../arm-none-eabi/lib/thumb/v7-m/nofp\libc_nano.a
LOAD D:/Software/Tools/CubeIDE/STM32CubeIDE_1.19.0/STM32CubeIDE/plugins/com.st.stm32cube.ide.mcu.externaltools.gnu-tools-for-stm32.13.3.rel1.win32_1.0.0.202411081344/tools/bin/../lib/gcc/arm-none-eabi/13.3.1/../../../../arm-none-eabi/lib/thumb/v7-m/nofp\libnosys.a
END GROUP
LOAD D:/Software/Tools/CubeIDE/STM32CubeIDE_1.19.0/STM32CubeIDE/plugins/com.st.stm32cube.ide.mcu.externaltools.gnu-tools-for-stm32.13.3.rel1.win32_1.0.0.202411081344/tools/bin/../lib/gcc/arm-none-eabi/13.3.1/thumb/v7-m/nofp/crtend.o
LOAD D:/Software/Tools/CubeIDE/STM32CubeIDE_1.19.0/STM32CubeIDE/plugins/com.st.stm32cube.ide.mcu.externaltools.gnu-tools-for-stm32.13.3.rel1.win32_1.0.0.202411081344/tools/bin/../lib/gcc/arm-none-eabi/13.3.1/thumb/v7-m/nofp/crtn.o
                0x20005000                        _estack = (ORIGIN (RAM) + LENGTH (RAM))
                0x00000200                        _Min_Heap_Size = 0x200
                0x00000400                        _Min_Stack_Size = 0x400

.isr_vector     0x08000000      0x10c
                0x08000000                        . = ALIGN (0x4)
 *(.isr_vector)
 .isr_vector    0x08000000      0x10c ./Core/Startup/startup_stm32f103c8tx.o
                0x08000000                g_pfnVectors
                0x0800010c                        . = ALIGN (0x4)

.text           0x0800010c     0x71c8
                0x0800010c                        . = ALIGN (0x4)
 *(.text)
 .text          0x0800010c       0x40 D:/Software/Tools/CubeIDE/STM32CubeIDE_1.19.0/STM32CubeIDE/plugins/com.st.stm32cube.ide.mcu.externaltools.gnu-tools-for-stm32.13.3.rel1.win32_1.0.0.202411081344/tools/bin/../lib/gcc/arm-none-eabi/13.3.1/thumb/v7-m/nofp/crtbegin.o
 .text          0x0800014c       0x10 D:/Software/Tools/CubeIDE/STM32CubeIDE_1.19.0/STM32CubeIDE/plugins/com.st.stm32cube.ide.mcu.externaltools.gnu-tools-for-stm32.13.3.rel1.win32_1.0.0.202411081344/tools/bin/../lib/gcc/arm-none-eabi/13.3.1/../../../../arm-none-eabi/lib/thumb/v7-m/nofp\libc_nano.a(libc_a-strlen.o)
                0x0800014c                strlen
 *(.text*)
 .text.Challenge_Init
                0x0800015c       0x24 ./Core/Src/challenge_mode.o
                0x0800015c                Challenge_Init
 .text.Challenge_Start
                0x08000180       0x58 ./Core/Src/challenge_mode.o
                0x08000180                Challenge_Start
 .text.Challenge_End
                0x080001d8       0x2c ./Core/Src/challenge_mode.o
                0x080001d8                Challenge_End
 .text.Challenge_ProcessGameResult
                0x08000204       0xf0 ./Core/Src/challenge_mode.o
                0x08000204                Challenge_ProcessGameResult
 .text.Challenge_GetState
                0x080002f4       0x14 ./Core/Src/challenge_mode.o
                0x080002f4                Challenge_GetState
 .text.Challenge_IsWinConditionMet
                0x08000308       0x20 ./Core/Src/challenge_mode.o
                0x08000308                Challenge_IsWinConditionMet
 .text.Challenge_IsGameOverConditionMet
                0x08000328       0x20 ./Core/Src/challenge_mode.o
                0x08000328                Challenge_IsGameOverConditionMet
 .text.Challenge_SendStatusUpdate
                0x08000348       0x44 ./Core/Src/challenge_mode.o
                0x08000348                Challenge_SendStatusUpdate
 .text.Challenge_UpdateState
                0x0800038c       0x34 ./Core/Src/challenge_mode.o
 .text.Challenge_DisplayResult
                0x080003c0       0x50 ./Core/Src/challenge_mode.o
 .text.Game_Control_Init
                0x08000410       0x40 ./Core/Src/game_control.o
                0x08000410                Game_Control_Init
 .text.Game_Control_Start
                0x08000450       0x60 ./Core/Src/game_control.o
                0x08000450                Game_Control_Start
 .text.Game_Control_Pause
                0x080004b0       0x40 ./Core/Src/game_control.o
                0x080004b0                Game_Control_Pause
 .text.Game_Control_Resume
                0x080004f0       0x5c ./Core/Src/game_control.o
                0x080004f0                Game_Control_Resume
 .text.Game_Control_End
                0x0800054c       0x88 ./Core/Src/game_control.o
                0x0800054c                Game_Control_End
 .text.Game_Control_Reset
                0x080005d4       0x4c ./Core/Src/game_control.o
                0x080005d4                Game_Control_Reset
 .text.Game_Control_HandleAction
                0x08000620       0x98 ./Core/Src/game_control.o
                0x08000620                Game_Control_HandleAction
 .text.Game_Control_HandleKey
                0x080006b8       0xd0 ./Core/Src/game_control.o
                0x080006b8                Game_Control_HandleKey
 .text.Game_Control_GetContext
                0x08000788       0x14 ./Core/Src/game_control.o
                0x08000788                Game_Control_GetContext
 .text.Game_Control_GetStateName
                0x0800079c       0x58 ./Core/Src/game_control.o
                0x0800079c                Game_Control_GetStateName
 .text.Game_Control_EnterState
                0x080007f4       0x30 ./Core/Src/game_control.o
 .text.Game_Control_SendStateUpdate
                0x08000824       0x34 ./Core/Src/game_control.o
 .text.Keypad_Init
                0x08000858       0xbc ./Core/Src/keypad_driver.o
                0x08000858                Keypad_Init
 .text.Keypad_Scan
                0x08000914      0x194 ./Core/Src/keypad_driver.o
                0x08000914                Keypad_Scan
 .text.Keypad_GetKey
                0x08000aa8       0xb0 ./Core/Src/keypad_driver.o
                0x08000aa8                Keypad_GetKey
 .text.Keypad_Register_Callback
                0x08000b58       0x34 ./Core/Src/keypad_driver.o
                0x08000b58                Keypad_Register_Callback
 .text.Keypad_Quick_Check
                0x08000b8c       0x90 ./Core/Src/keypad_driver.o
                0x08000b8c                Keypad_Quick_Check
 .text.Keypad_Scan_Task
                0x08000c1c       0x30 ./Core/Src/keypad_driver.o
                0x08000c1c                Keypad_Scan_Task
 .text.Keypad_SetRowState
                0x08000c4c       0x40 ./Core/Src/keypad_driver.o
 .text.Keypad_ReadColumn
                0x08000c8c       0x40 ./Core/Src/keypad_driver.o
 .text.Keypad_ProcessDebounce
                0x08000ccc       0x8a ./Core/Src/keypad_driver.o
 *fill*         0x08000d56        0x2 
 .text.Keypad_AddEvent
                0x08000d58       0x9c ./Core/Src/keypad_driver.o
 .text.Keypad_ResetKey
                0x08000df4       0x3e ./Core/Src/keypad_driver.o
 *fill*         0x08000e32        0x2 
 .text.Keypad_DelayUs
                0x08000e34       0x4c ./Core/Src/keypad_driver.o
 .text.Keypad_PhysicalToLogical
                0x08000e80       0x3c ./Core/Src/keypad_driver.o
                0x08000e80                Keypad_PhysicalToLogical
 .text.LED_Text_Init
                0x08000ebc        0xe ./Core/Src/led_text.o
                0x08000ebc                LED_Text_Init
 .text.LED_Text_Display
                0x08000eca       0xb2 ./Core/Src/led_text.o
                0x08000eca                LED_Text_Display
 .text.LED_Text_DisplayChar
                0x08000f7c       0x3e ./Core/Src/led_text.o
                0x08000f7c                LED_Text_DisplayChar
 *fill*         0x08000fba        0x2 
 .text.LED_Text_GetCharBitmap
                0x08000fbc       0x5c ./Core/Src/led_text.o
 .text.LED_Text_DrawBitmap
                0x08001018       0x82 ./Core/Src/led_text.o
 .text.Convert_GameState_to_Protocol
                0x0800109a       0xa8 ./Core/Src/main.o
 .text.Send_GameState_Via_Protocol
                0x08001142       0x28 ./Core/Src/main.o
 *fill*         0x0800116a        0x2 
 .text.main     0x0800116c      0x100 ./Core/Src/main.o
                0x0800116c                main
 .text.SystemClock_Config
                0x0800126c       0x8a ./Core/Src/main.o
                0x0800126c                SystemClock_Config
 *fill*         0x080012f6        0x2 
 .text.MX_TIM2_Init
                0x080012f8       0xe8 ./Core/Src/main.o
 .text.MX_USART1_UART_Init
                0x080013e0       0x54 ./Core/Src/main.o
 .text.MX_DMA_Init
                0x08001434       0x3c ./Core/Src/main.o
 .text.MX_GPIO_Init
                0x08001470       0xb0 ./Core/Src/main.o
 .text.HAL_TIM_PWM_PulseFinishedCallback
                0x08001520       0x24 ./Core/Src/main.o
                0x08001520                HAL_TIM_PWM_PulseFinishedCallback
 .text.App_Init
                0x08001544       0x64 ./Core/Src/main.o
                0x08001544                App_Init
 .text.App_Main_Loop
                0x080015a8       0x48 ./Core/Src/main.o
                0x080015a8                App_Main_Loop
 .text.App_UpdateCursor
                0x080015f0       0x68 ./Core/Src/main.o
                0x080015f0                App_UpdateCursor
 .text.App_DisplayGameBoard
                0x08001658       0xfc ./Core/Src/main.o
                0x08001658                App_DisplayGameBoard
 .text.App_ProcessKeyEvent
                0x08001754      0x244 ./Core/Src/main.o
                0x08001754                App_ProcessKeyEvent
 .text.App_PrintGameHistory
                0x08001998       0x3c ./Core/Src/main.o
                0x08001998                App_PrintGameHistory
 .text.App_UpdateGameDisplay
                0x080019d4       0x3c ./Core/Src/main.o
                0x080019d4                App_UpdateGameDisplay
 .text.App_HandleGameOver
                0x08001a10      0x12c ./Core/Src/main.o
                0x08001a10                App_HandleGameOver
 .text.Keypad_Key_Event_Handler
                0x08001b3c       0x64 ./Core/Src/main.o
                0x08001b3c                Keypad_Key_Event_Handler
 .text.Protocol_Command_Handler
                0x08001ba0      0x28c ./Core/Src/main.o
                0x08001ba0                Protocol_Command_Handler
 .text.HAL_UART_RxCpltCallback
                0x08001e2c       0x16 ./Core/Src/main.o
                0x08001e2c                HAL_UART_RxCpltCallback
 .text.Error_Handler
                0x08001e42        0xc ./Core/Src/main.o
                0x08001e42                Error_Handler
 *fill*         0x08001e4e        0x2 
 .text.Othello_Init
                0x08001e50       0x2c ./Core/Src/othello_engine.o
                0x08001e50                Othello_Init
 .text.Othello_NewGame
                0x08001e7c       0xbc ./Core/Src/othello_engine.o
                0x08001e7c                Othello_NewGame
 .text.Othello_IsValidMove
                0x08001f38       0x72 ./Core/Src/othello_engine.o
                0x08001f38                Othello_IsValidMove
 *fill*         0x08001faa        0x2 
 .text.Othello_MakeMove
                0x08001fac      0x16c ./Core/Src/othello_engine.o
                0x08001fac                Othello_MakeMove
 .text.Othello_IsGameOver
                0x08002118       0x2e ./Core/Src/othello_engine.o
                0x08002118                Othello_IsGameOver
 .text.Othello_GetWinner
                0x08002146       0x44 ./Core/Src/othello_engine.o
                0x08002146                Othello_GetWinner
 .text.Othello_HasValidMoves
                0x0800218a       0x5a ./Core/Src/othello_engine.o
                0x0800218a                Othello_HasValidMoves
 .text.Othello_SimulateMove
                0x080021e4       0xa8 ./Core/Src/othello_engine.o
                0x080021e4                Othello_SimulateMove
 .text.Othello_CountPieces
                0x0800228c       0x64 ./Core/Src/othello_engine.o
                0x0800228c                Othello_CountPieces
 .text.Othello_GetPiece
                0x080022f0       0x3e ./Core/Src/othello_engine.o
                0x080022f0                Othello_GetPiece
 .text.Othello_ResetState
                0x0800232e       0x22 ./Core/Src/othello_engine.o
                0x0800232e                Othello_ResetState
 .text.Othello_UpdateStats
                0x08002350       0xd0 ./Core/Src/othello_engine.o
                0x08002350                Othello_UpdateStats
 .text.Othello_GetGameDuration
                0x08002420       0x34 ./Core/Src/othello_engine.o
                0x08002420                Othello_GetGameDuration
 .text.Othello_FlipPiecesInDirection
                0x08002454      0x13a ./Core/Src/othello_engine.o
 .text.Othello_UpdatePieceCounts
                0x0800258e       0x3c ./Core/Src/othello_engine.o
 .text.Othello_InvalidateValidMovesCache
                0x080025ca       0x2c ./Core/Src/othello_engine.o
 .text.Othello_UpdateGameStatus
                0x080025f6       0x56 ./Core/Src/othello_engine.o
 .text.HAL_MspInit
                0x0800264c       0x64 ./Core/Src/stm32f1xx_hal_msp.o
                0x0800264c                HAL_MspInit
 .text.HAL_TIM_Base_MspInit
                0x080026b0       0xa0 ./Core/Src/stm32f1xx_hal_msp.o
                0x080026b0                HAL_TIM_Base_MspInit
 .text.HAL_TIM_MspPostInit
                0x08002750       0x60 ./Core/Src/stm32f1xx_hal_msp.o
                0x08002750                HAL_TIM_MspPostInit
 .text.HAL_UART_MspInit
                0x080027b0       0xa8 ./Core/Src/stm32f1xx_hal_msp.o
                0x080027b0                HAL_UART_MspInit
 .text.NMI_Handler
                0x08002858        0x8 ./Core/Src/stm32f1xx_it.o
                0x08002858                NMI_Handler
 .text.HardFault_Handler
                0x08002860        0x8 ./Core/Src/stm32f1xx_it.o
                0x08002860                HardFault_Handler
 .text.MemManage_Handler
                0x08002868        0x8 ./Core/Src/stm32f1xx_it.o
                0x08002868                MemManage_Handler
 .text.BusFault_Handler
                0x08002870        0x8 ./Core/Src/stm32f1xx_it.o
                0x08002870                BusFault_Handler
 .text.UsageFault_Handler
                0x08002878        0x8 ./Core/Src/stm32f1xx_it.o
                0x08002878                UsageFault_Handler
 .text.SVC_Handler
                0x08002880        0xc ./Core/Src/stm32f1xx_it.o
                0x08002880                SVC_Handler
 .text.DebugMon_Handler
                0x0800288c        0xc ./Core/Src/stm32f1xx_it.o
                0x0800288c                DebugMon_Handler
 .text.PendSV_Handler
                0x08002898        0xc ./Core/Src/stm32f1xx_it.o
                0x08002898                PendSV_Handler
 .text.SysTick_Handler
                0x080028a4        0xc ./Core/Src/stm32f1xx_it.o
                0x080028a4                SysTick_Handler
 .text.DMA1_Channel5_IRQHandler
                0x080028b0       0x14 ./Core/Src/stm32f1xx_it.o
                0x080028b0                DMA1_Channel5_IRQHandler
 .text.TIM2_IRQHandler
                0x080028c4       0x14 ./Core/Src/stm32f1xx_it.o
                0x080028c4                TIM2_IRQHandler
 .text.USART1_IRQHandler
                0x080028d8       0x14 ./Core/Src/stm32f1xx_it.o
                0x080028d8                USART1_IRQHandler
 .text._sbrk    0x080028ec       0x6c ./Core/Src/sysmem.o
                0x080028ec                _sbrk
 .text.SystemInit
                0x08002958        0xc ./Core/Src/system_stm32f1xx.o
                0x08002958                SystemInit
 .text.Protocol_Init
                0x08002964       0x5c ./Core/Src/uart_protocol.o
                0x08002964                Protocol_Init
 .text.Protocol_SendPacket
                0x080029c0      0x204 ./Core/Src/uart_protocol.o
                0x080029c0                Protocol_SendPacket
 .text.Protocol_ProcessByte
                0x08002bc4      0x1bc ./Core/Src/uart_protocol.o
                0x08002bc4                Protocol_ProcessByte
 .text.Protocol_RegisterCallback
                0x08002d80       0x34 ./Core/Src/uart_protocol.o
                0x08002d80                Protocol_RegisterCallback
 .text.Protocol_SendAck
                0x08002db4       0x30 ./Core/Src/uart_protocol.o
                0x08002db4                Protocol_SendAck
 .text.Protocol_SendError
                0x08002de4       0xce ./Core/Src/uart_protocol.o
                0x08002de4                Protocol_SendError
 *fill*         0x08002eb2        0x2 
 .text.Protocol_SendHeartbeat
                0x08002eb4       0x30 ./Core/Src/uart_protocol.o
                0x08002eb4                Protocol_SendHeartbeat
 .text.Protocol_Task
                0x08002ee4       0x78 ./Core/Src/uart_protocol.o
                0x08002ee4                Protocol_Task
 .text.Protocol_SendGameState
                0x08002f5c       0x26 ./Core/Src/uart_protocol.o
                0x08002f5c                Protocol_SendGameState
 .text.Protocol_SendKeyEvent
                0x08002f82       0x4e ./Core/Src/uart_protocol.o
                0x08002f82                Protocol_SendKeyEvent
 .text.Protocol_SendSystemInfo
                0x08002fd0       0x50 ./Core/Src/uart_protocol.o
                0x08002fd0                Protocol_SendSystemInfo
 .text.Protocol_SendDebugMessage
                0x08003020       0x32 ./Core/Src/uart_protocol.o
                0x08003020                Protocol_SendDebugMessage
 .text.Protocol_SendScoreUpdate
                0x08003052       0x46 ./Core/Src/uart_protocol.o
                0x08003052                Protocol_SendScoreUpdate
 .text.Protocol_UART_RxCallback
                0x08003098       0x3c ./Core/Src/uart_protocol.o
                0x08003098                Protocol_UART_RxCallback
 .text.Protocol_ResetRxBuffer
                0x080030d4       0x2c ./Core/Src/uart_protocol.o
 .text.Protocol_CalculateChecksum
                0x08003100       0x44 ./Core/Src/uart_protocol.o
 .text.Protocol_TransmitBytes
                0x08003144       0x48 ./Core/Src/uart_protocol.o
 .text.Protocol_HandleCompletePacket
                0x0800318c       0x34 ./Core/Src/uart_protocol.o
 .text.Protocol_GetFreeMemory
                0x080031c0       0x10 ./Core/Src/uart_protocol.o
 .text.Protocol_GetCpuUsage
                0x080031d0        0xe ./Core/Src/uart_protocol.o
 *fill*         0x080031de        0x2 
 .text.WS2812B_Init
                0x080031e0       0x78 ./Core/Src/ws2812b_driver.o
                0x080031e0                WS2812B_Init
 .text.WS2812B_SetPixel
                0x08003258       0x64 ./Core/Src/ws2812b_driver.o
                0x08003258                WS2812B_SetPixel
 .text.WS2812B_Clear
                0x080032bc       0x28 ./Core/Src/ws2812b_driver.o
                0x080032bc                WS2812B_Clear
 .text.WS2812B_Update
                0x080032e4       0x58 ./Core/Src/ws2812b_driver.o
                0x080032e4                WS2812B_Update
 .text.WS2812B_Fill
                0x0800333c       0x54 ./Core/Src/ws2812b_driver.o
                0x0800333c                WS2812B_Fill
 .text.WS2812B_DMA_Complete_Callback
                0x08003390       0x34 ./Core/Src/ws2812b_driver.o
                0x08003390                WS2812B_DMA_Complete_Callback
 .text.WS2812B_Convert_RGB_to_PWM
                0x080033c4       0xfc ./Core/Src/ws2812b_driver.o
 .text.Reset_Handler
                0x080034c0       0x48 ./Core/Startup/startup_stm32f103c8tx.o
                0x080034c0                Reset_Handler
 .text.Default_Handler
                0x08003508        0x2 ./Core/Startup/startup_stm32f103c8tx.o
                0x08003508                RTC_Alarm_IRQHandler
                0x08003508                EXTI2_IRQHandler
                0x08003508                TIM1_CC_IRQHandler
                0x08003508                PVD_IRQHandler
                0x08003508                EXTI3_IRQHandler
                0x08003508                EXTI0_IRQHandler
                0x08003508                I2C2_EV_IRQHandler
                0x08003508                ADC1_2_IRQHandler
                0x08003508                SPI1_IRQHandler
                0x08003508                TAMPER_IRQHandler
                0x08003508                DMA1_Channel4_IRQHandler
                0x08003508                USART3_IRQHandler
                0x08003508                RTC_IRQHandler
                0x08003508                DMA1_Channel7_IRQHandler
                0x08003508                CAN1_RX1_IRQHandler
                0x08003508                TIM4_IRQHandler
                0x08003508                I2C1_EV_IRQHandler
                0x08003508                DMA1_Channel6_IRQHandler
                0x08003508                TIM3_IRQHandler
                0x08003508                RCC_IRQHandler
                0x08003508                TIM1_TRG_COM_IRQHandler
                0x08003508                DMA1_Channel1_IRQHandler
                0x08003508                Default_Handler
                0x08003508                EXTI15_10_IRQHandler
                0x08003508                EXTI9_5_IRQHandler
                0x08003508                SPI2_IRQHandler
                0x08003508                EXTI4_IRQHandler
                0x08003508                USB_LP_CAN1_RX0_IRQHandler
                0x08003508                USB_HP_CAN1_TX_IRQHandler
                0x08003508                DMA1_Channel3_IRQHandler
                0x08003508                TIM1_UP_IRQHandler
                0x08003508                WWDG_IRQHandler
                0x08003508                TIM1_BRK_IRQHandler
                0x08003508                EXTI1_IRQHandler
                0x08003508                USART2_IRQHandler
                0x08003508                I2C2_ER_IRQHandler
                0x08003508                DMA1_Channel2_IRQHandler
                0x08003508                CAN1_SCE_IRQHandler
                0x08003508                FLASH_IRQHandler
                0x08003508                I2C1_ER_IRQHandler
                0x08003508                USBWakeUp_IRQHandler
 *fill*         0x0800350a        0x2 
 .text.HAL_Init
                0x0800350c       0x2c ./Drivers/STM32F1xx_HAL_Driver/Src/stm32f1xx_hal.o
                0x0800350c                HAL_Init
 .text.HAL_InitTick
                0x08003538       0x60 ./Drivers/STM32F1xx_HAL_Driver/Src/stm32f1xx_hal.o
                0x08003538                HAL_InitTick
 .text.HAL_IncTick
                0x08003598       0x24 ./Drivers/STM32F1xx_HAL_Driver/Src/stm32f1xx_hal.o
                0x08003598                HAL_IncTick
 .text.HAL_GetTick
                0x080035bc       0x14 ./Drivers/STM32F1xx_HAL_Driver/Src/stm32f1xx_hal.o
                0x080035bc                HAL_GetTick
 .text.HAL_Delay
                0x080035d0       0x48 ./Drivers/STM32F1xx_HAL_Driver/Src/stm32f1xx_hal.o
                0x080035d0                HAL_Delay
 .text.__NVIC_SetPriorityGrouping
                0x08003618       0x48 ./Drivers/STM32F1xx_HAL_Driver/Src/stm32f1xx_hal_cortex.o
 .text.__NVIC_GetPriorityGrouping
                0x08003660       0x1c ./Drivers/STM32F1xx_HAL_Driver/Src/stm32f1xx_hal_cortex.o
 .text.__NVIC_EnableIRQ
                0x0800367c       0x38 ./Drivers/STM32F1xx_HAL_Driver/Src/stm32f1xx_hal_cortex.o
 .text.__NVIC_SetPriority
                0x080036b4       0x54 ./Drivers/STM32F1xx_HAL_Driver/Src/stm32f1xx_hal_cortex.o
 .text.NVIC_EncodePriority
                0x08003708       0x64 ./Drivers/STM32F1xx_HAL_Driver/Src/stm32f1xx_hal_cortex.o
 .text.SysTick_Config
                0x0800376c       0x44 ./Drivers/STM32F1xx_HAL_Driver/Src/stm32f1xx_hal_cortex.o
 .text.HAL_NVIC_SetPriorityGrouping
                0x080037b0       0x16 ./Drivers/STM32F1xx_HAL_Driver/Src/stm32f1xx_hal_cortex.o
                0x080037b0                HAL_NVIC_SetPriorityGrouping
 .text.HAL_NVIC_SetPriority
                0x080037c6       0x38 ./Drivers/STM32F1xx_HAL_Driver/Src/stm32f1xx_hal_cortex.o
                0x080037c6                HAL_NVIC_SetPriority
 .text.HAL_NVIC_EnableIRQ
                0x080037fe       0x1c ./Drivers/STM32F1xx_HAL_Driver/Src/stm32f1xx_hal_cortex.o
                0x080037fe                HAL_NVIC_EnableIRQ
 .text.HAL_SYSTICK_Config
                0x0800381a       0x18 ./Drivers/STM32F1xx_HAL_Driver/Src/stm32f1xx_hal_cortex.o
                0x0800381a                HAL_SYSTICK_Config
 *fill*         0x08003832        0x2 
 .text.HAL_DMA_Init
                0x08003834       0xb4 ./Drivers/STM32F1xx_HAL_Driver/Src/stm32f1xx_hal_dma.o
                0x08003834                HAL_DMA_Init
 .text.HAL_DMA_Start_IT
                0x080038e8       0xc0 ./Drivers/STM32F1xx_HAL_Driver/Src/stm32f1xx_hal_dma.o
                0x080038e8                HAL_DMA_Start_IT
 .text.HAL_DMA_Abort
                0x080039a8       0x76 ./Drivers/STM32F1xx_HAL_Driver/Src/stm32f1xx_hal_dma.o
                0x080039a8                HAL_DMA_Abort
 *fill*         0x08003a1e        0x2 
 .text.HAL_DMA_Abort_IT
                0x08003a20       0xf0 ./Drivers/STM32F1xx_HAL_Driver/Src/stm32f1xx_hal_dma.o
                0x08003a20                HAL_DMA_Abort_IT
 .text.HAL_DMA_IRQHandler
                0x08003b10      0x20c ./Drivers/STM32F1xx_HAL_Driver/Src/stm32f1xx_hal_dma.o
                0x08003b10                HAL_DMA_IRQHandler
 .text.DMA_SetConfig
                0x08003d1c       0x5a ./Drivers/STM32F1xx_HAL_Driver/Src/stm32f1xx_hal_dma.o
 *fill*         0x08003d76        0x2 
 .text.HAL_GPIO_Init
                0x08003d78      0x308 ./Drivers/STM32F1xx_HAL_Driver/Src/stm32f1xx_hal_gpio.o
                0x08003d78                HAL_GPIO_Init
 .text.HAL_GPIO_ReadPin
                0x08004080       0x2e ./Drivers/STM32F1xx_HAL_Driver/Src/stm32f1xx_hal_gpio.o
                0x08004080                HAL_GPIO_ReadPin
 .text.HAL_GPIO_WritePin
                0x080040ae       0x30 ./Drivers/STM32F1xx_HAL_Driver/Src/stm32f1xx_hal_gpio.o
                0x080040ae                HAL_GPIO_WritePin
 *fill*         0x080040de        0x2 
 .text.HAL_RCC_OscConfig
                0x080040e0      0x504 ./Drivers/STM32F1xx_HAL_Driver/Src/stm32f1xx_hal_rcc.o
                0x080040e0                HAL_RCC_OscConfig
 .text.HAL_RCC_ClockConfig
                0x080045e4      0x1d4 ./Drivers/STM32F1xx_HAL_Driver/Src/stm32f1xx_hal_rcc.o
                0x080045e4                HAL_RCC_ClockConfig
 .text.HAL_RCC_GetSysClockFreq
                0x080047b8       0xa8 ./Drivers/STM32F1xx_HAL_Driver/Src/stm32f1xx_hal_rcc.o
                0x080047b8                HAL_RCC_GetSysClockFreq
 .text.HAL_RCC_GetHCLKFreq
                0x08004860       0x14 ./Drivers/STM32F1xx_HAL_Driver/Src/stm32f1xx_hal_rcc.o
                0x08004860                HAL_RCC_GetHCLKFreq
 .text.HAL_RCC_GetPCLK1Freq
                0x08004874       0x28 ./Drivers/STM32F1xx_HAL_Driver/Src/stm32f1xx_hal_rcc.o
                0x08004874                HAL_RCC_GetPCLK1Freq
 .text.HAL_RCC_GetPCLK2Freq
                0x0800489c       0x28 ./Drivers/STM32F1xx_HAL_Driver/Src/stm32f1xx_hal_rcc.o
                0x0800489c                HAL_RCC_GetPCLK2Freq
 .text.RCC_Delay
                0x080048c4       0x3c ./Drivers/STM32F1xx_HAL_Driver/Src/stm32f1xx_hal_rcc.o
 .text.HAL_TIM_Base_Init
                0x08004900       0x9e ./Drivers/STM32F1xx_HAL_Driver/Src/stm32f1xx_hal_tim.o
                0x08004900                HAL_TIM_Base_Init
 .text.HAL_TIM_PWM_Init
                0x0800499e       0x9e ./Drivers/STM32F1xx_HAL_Driver/Src/stm32f1xx_hal_tim.o
                0x0800499e                HAL_TIM_PWM_Init
 .text.HAL_TIM_PWM_MspInit
                0x08004a3c       0x12 ./Drivers/STM32F1xx_HAL_Driver/Src/stm32f1xx_hal_tim.o
                0x08004a3c                HAL_TIM_PWM_MspInit
 *fill*         0x08004a4e        0x2 
 .text.HAL_TIM_PWM_Start_DMA
                0x08004a50      0x344 ./Drivers/STM32F1xx_HAL_Driver/Src/stm32f1xx_hal_tim.o
                0x08004a50                HAL_TIM_PWM_Start_DMA
 .text.HAL_TIM_PWM_Stop_DMA
                0x08004d94      0x18c ./Drivers/STM32F1xx_HAL_Driver/Src/stm32f1xx_hal_tim.o
                0x08004d94                HAL_TIM_PWM_Stop_DMA
 .text.HAL_TIM_IRQHandler
                0x08004f20      0x1e0 ./Drivers/STM32F1xx_HAL_Driver/Src/stm32f1xx_hal_tim.o
                0x08004f20                HAL_TIM_IRQHandler
 .text.HAL_TIM_PWM_ConfigChannel
                0x08005100      0x184 ./Drivers/STM32F1xx_HAL_Driver/Src/stm32f1xx_hal_tim.o
                0x08005100                HAL_TIM_PWM_ConfigChannel
 .text.HAL_TIM_ConfigClockSource
                0x08005284      0x18e ./Drivers/STM32F1xx_HAL_Driver/Src/stm32f1xx_hal_tim.o
                0x08005284                HAL_TIM_ConfigClockSource
 .text.HAL_TIM_PeriodElapsedCallback
                0x08005412       0x12 ./Drivers/STM32F1xx_HAL_Driver/Src/stm32f1xx_hal_tim.o
                0x08005412                HAL_TIM_PeriodElapsedCallback
 .text.HAL_TIM_OC_DelayElapsedCallback
                0x08005424       0x12 ./Drivers/STM32F1xx_HAL_Driver/Src/stm32f1xx_hal_tim.o
                0x08005424                HAL_TIM_OC_DelayElapsedCallback
 .text.HAL_TIM_IC_CaptureCallback
                0x08005436       0x12 ./Drivers/STM32F1xx_HAL_Driver/Src/stm32f1xx_hal_tim.o
                0x08005436                HAL_TIM_IC_CaptureCallback
 .text.HAL_TIM_PWM_PulseFinishedHalfCpltCallback
                0x08005448       0x12 ./Drivers/STM32F1xx_HAL_Driver/Src/stm32f1xx_hal_tim.o
                0x08005448                HAL_TIM_PWM_PulseFinishedHalfCpltCallback
 .text.HAL_TIM_TriggerCallback
                0x0800545a       0x12 ./Drivers/STM32F1xx_HAL_Driver/Src/stm32f1xx_hal_tim.o
                0x0800545a                HAL_TIM_TriggerCallback
 .text.HAL_TIM_ErrorCallback
                0x0800546c       0x12 ./Drivers/STM32F1xx_HAL_Driver/Src/stm32f1xx_hal_tim.o
                0x0800546c                HAL_TIM_ErrorCallback
 .text.TIM_DMAError
                0x0800547e       0x92 ./Drivers/STM32F1xx_HAL_Driver/Src/stm32f1xx_hal_tim.o
                0x0800547e                TIM_DMAError
 .text.TIM_DMADelayPulseCplt
                0x08005510       0xa8 ./Drivers/STM32F1xx_HAL_Driver/Src/stm32f1xx_hal_tim.o
 .text.TIM_DMADelayPulseHalfCplt
                0x080055b8       0x68 ./Drivers/STM32F1xx_HAL_Driver/Src/stm32f1xx_hal_tim.o
                0x080055b8                TIM_DMADelayPulseHalfCplt
 .text.TIM_Base_SetConfig
                0x08005620       0xdc ./Drivers/STM32F1xx_HAL_Driver/Src/stm32f1xx_hal_tim.o
                0x08005620                TIM_Base_SetConfig
 .text.TIM_OC1_SetConfig
                0x080056fc       0xcc ./Drivers/STM32F1xx_HAL_Driver/Src/stm32f1xx_hal_tim.o
 .text.TIM_OC2_SetConfig
                0x080057c8       0xd4 ./Drivers/STM32F1xx_HAL_Driver/Src/stm32f1xx_hal_tim.o
                0x080057c8                TIM_OC2_SetConfig
 .text.TIM_OC3_SetConfig
                0x0800589c       0xd4 ./Drivers/STM32F1xx_HAL_Driver/Src/stm32f1xx_hal_tim.o
 .text.TIM_OC4_SetConfig
                0x08005970       0x9c ./Drivers/STM32F1xx_HAL_Driver/Src/stm32f1xx_hal_tim.o
 .text.TIM_TI1_ConfigInputStage
                0x08005a0c       0x5c ./Drivers/STM32F1xx_HAL_Driver/Src/stm32f1xx_hal_tim.o
 .text.TIM_TI2_ConfigInputStage
                0x08005a68       0x5e ./Drivers/STM32F1xx_HAL_Driver/Src/stm32f1xx_hal_tim.o
 .text.TIM_ITRx_SetConfig
                0x08005ac6       0x34 ./Drivers/STM32F1xx_HAL_Driver/Src/stm32f1xx_hal_tim.o
 .text.TIM_ETR_SetConfig
                0x08005afa       0x3e ./Drivers/STM32F1xx_HAL_Driver/Src/stm32f1xx_hal_tim.o
                0x08005afa                TIM_ETR_SetConfig
 .text.TIM_CCxChannelCmd
                0x08005b38       0x48 ./Drivers/STM32F1xx_HAL_Driver/Src/stm32f1xx_hal_tim.o
                0x08005b38                TIM_CCxChannelCmd
 .text.HAL_TIMEx_MasterConfigSynchronization
                0x08005b80       0xbc ./Drivers/STM32F1xx_HAL_Driver/Src/stm32f1xx_hal_tim_ex.o
                0x08005b80                HAL_TIMEx_MasterConfigSynchronization
 .text.HAL_TIMEx_CommutCallback
                0x08005c3c       0x12 ./Drivers/STM32F1xx_HAL_Driver/Src/stm32f1xx_hal_tim_ex.o
                0x08005c3c                HAL_TIMEx_CommutCallback
 .text.HAL_TIMEx_BreakCallback
                0x08005c4e       0x12 ./Drivers/STM32F1xx_HAL_Driver/Src/stm32f1xx_hal_tim_ex.o
                0x08005c4e                HAL_TIMEx_BreakCallback
 .text.HAL_UART_Init
                0x08005c60       0xa0 ./Drivers/STM32F1xx_HAL_Driver/Src/stm32f1xx_hal_uart.o
                0x08005c60                HAL_UART_Init
 .text.HAL_UART_Transmit
                0x08005d00      0x116 ./Drivers/STM32F1xx_HAL_Driver/Src/stm32f1xx_hal_uart.o
                0x08005d00                HAL_UART_Transmit
 .text.HAL_UART_Receive_IT
                0x08005e16       0x4a ./Drivers/STM32F1xx_HAL_Driver/Src/stm32f1xx_hal_uart.o
                0x08005e16                HAL_UART_Receive_IT
 .text.HAL_UART_IRQHandler
                0x08005e60      0x524 ./Drivers/STM32F1xx_HAL_Driver/Src/stm32f1xx_hal_uart.o
                0x08005e60                HAL_UART_IRQHandler
 .text.HAL_UART_TxCpltCallback
                0x08006384       0x12 ./Drivers/STM32F1xx_HAL_Driver/Src/stm32f1xx_hal_uart.o
                0x08006384                HAL_UART_TxCpltCallback
 .text.HAL_UART_ErrorCallback
                0x08006396       0x12 ./Drivers/STM32F1xx_HAL_Driver/Src/stm32f1xx_hal_uart.o
                0x08006396                HAL_UART_ErrorCallback
 .text.HAL_UARTEx_RxEventCallback
                0x080063a8       0x16 ./Drivers/STM32F1xx_HAL_Driver/Src/stm32f1xx_hal_uart.o
                0x080063a8                HAL_UARTEx_RxEventCallback
 .text.UART_WaitOnFlagUntilTimeout
                0x080063be       0xb2 ./Drivers/STM32F1xx_HAL_Driver/Src/stm32f1xx_hal_uart.o
 .text.UART_Start_Receive_IT
                0x08006470       0x72 ./Drivers/STM32F1xx_HAL_Driver/Src/stm32f1xx_hal_uart.o
                0x08006470                UART_Start_Receive_IT
 .text.UART_EndRxTransfer
                0x080064e2       0xc4 ./Drivers/STM32F1xx_HAL_Driver/Src/stm32f1xx_hal_uart.o
 .text.UART_DMAAbortOnError
                0x080065a6       0x28 ./Drivers/STM32F1xx_HAL_Driver/Src/stm32f1xx_hal_uart.o
 .text.UART_Transmit_IT
                0x080065ce       0x9e ./Drivers/STM32F1xx_HAL_Driver/Src/stm32f1xx_hal_uart.o
 .text.UART_EndTransmit_IT
                0x0800666c       0x30 ./Drivers/STM32F1xx_HAL_Driver/Src/stm32f1xx_hal_uart.o
 .text.UART_Receive_IT
                0x0800669c      0x17c ./Drivers/STM32F1xx_HAL_Driver/Src/stm32f1xx_hal_uart.o
 .text.UART_SetConfig
                0x08006818      0x11c ./Drivers/STM32F1xx_HAL_Driver/Src/stm32f1xx_hal_uart.o
 .text.snprintf
                0x08006934       0x6c D:/Software/Tools/CubeIDE/STM32CubeIDE_1.19.0/STM32CubeIDE/plugins/com.st.stm32cube.ide.mcu.externaltools.gnu-tools-for-stm32.13.3.rel1.win32_1.0.0.202411081344/tools/bin/../lib/gcc/arm-none-eabi/13.3.1/../../../../arm-none-eabi/lib/thumb/v7-m/nofp\libc_nano.a(libc_a-snprintf.o)
                0x08006934                sniprintf
                0x08006934                snprintf
 .text.memset   0x080069a0       0x10 D:/Software/Tools/CubeIDE/STM32CubeIDE_1.19.0/STM32CubeIDE/plugins/com.st.stm32cube.ide.mcu.externaltools.gnu-tools-for-stm32.13.3.rel1.win32_1.0.0.202411081344/tools/bin/../lib/gcc/arm-none-eabi/13.3.1/../../../../arm-none-eabi/lib/thumb/v7-m/nofp\libc_nano.a(libc_a-memset.o)
                0x080069a0                memset
 .text.__errno  0x080069b0        0xc D:/Software/Tools/CubeIDE/STM32CubeIDE_1.19.0/STM32CubeIDE/plugins/com.st.stm32cube.ide.mcu.externaltools.gnu-tools-for-stm32.13.3.rel1.win32_1.0.0.202411081344/tools/bin/../lib/gcc/arm-none-eabi/13.3.1/../../../../arm-none-eabi/lib/thumb/v7-m/nofp\libc_nano.a(libc_a-errno.o)
                0x080069b0                __errno
 .text.__libc_init_array
                0x080069bc       0x48 D:/Software/Tools/CubeIDE/STM32CubeIDE_1.19.0/STM32CubeIDE/plugins/com.st.stm32cube.ide.mcu.externaltools.gnu-tools-for-stm32.13.3.rel1.win32_1.0.0.202411081344/tools/bin/../lib/gcc/arm-none-eabi/13.3.1/../../../../arm-none-eabi/lib/thumb/v7-m/nofp\libc_nano.a(libc_a-init.o)
                0x080069bc                __libc_init_array
 .text.__retarget_lock_acquire_recursive
                0x08006a04        0x2 D:/Software/Tools/CubeIDE/STM32CubeIDE_1.19.0/STM32CubeIDE/plugins/com.st.stm32cube.ide.mcu.externaltools.gnu-tools-for-stm32.13.3.rel1.win32_1.0.0.202411081344/tools/bin/../lib/gcc/arm-none-eabi/13.3.1/../../../../arm-none-eabi/lib/thumb/v7-m/nofp\libc_nano.a(libc_a-lock.o)
                0x08006a04                __retarget_lock_acquire_recursive
 .text.__retarget_lock_release_recursive
                0x08006a06        0x2 D:/Software/Tools/CubeIDE/STM32CubeIDE_1.19.0/STM32CubeIDE/plugins/com.st.stm32cube.ide.mcu.externaltools.gnu-tools-for-stm32.13.3.rel1.win32_1.0.0.202411081344/tools/bin/../lib/gcc/arm-none-eabi/13.3.1/../../../../arm-none-eabi/lib/thumb/v7-m/nofp\libc_nano.a(libc_a-lock.o)
                0x08006a06                __retarget_lock_release_recursive
 .text.memcpy   0x08006a08       0x1c D:/Software/Tools/CubeIDE/STM32CubeIDE_1.19.0/STM32CubeIDE/plugins/com.st.stm32cube.ide.mcu.externaltools.gnu-tools-for-stm32.13.3.rel1.win32_1.0.0.202411081344/tools/bin/../lib/gcc/arm-none-eabi/13.3.1/../../../../arm-none-eabi/lib/thumb/v7-m/nofp\libc_nano.a(libc_a-memcpy-stub.o)
                0x08006a08                memcpy
 .text._free_r  0x08006a24       0x90 D:/Software/Tools/CubeIDE/STM32CubeIDE_1.19.0/STM32CubeIDE/plugins/com.st.stm32cube.ide.mcu.externaltools.gnu-tools-for-stm32.13.3.rel1.win32_1.0.0.202411081344/tools/bin/../lib/gcc/arm-none-eabi/13.3.1/../../../../arm-none-eabi/lib/thumb/v7-m/nofp\libc_nano.a(libc_a-freer.o)
                0x08006a24                _free_r
 .text.sbrk_aligned
                0x08006ab4       0x44 D:/Software/Tools/CubeIDE/STM32CubeIDE_1.19.0/STM32CubeIDE/plugins/com.st.stm32cube.ide.mcu.externaltools.gnu-tools-for-stm32.13.3.rel1.win32_1.0.0.202411081344/tools/bin/../lib/gcc/arm-none-eabi/13.3.1/../../../../arm-none-eabi/lib/thumb/v7-m/nofp\libc_nano.a(libc_a-mallocr.o)
 .text._malloc_r
                0x08006af8      0x100 D:/Software/Tools/CubeIDE/STM32CubeIDE_1.19.0/STM32CubeIDE/plugins/com.st.stm32cube.ide.mcu.externaltools.gnu-tools-for-stm32.13.3.rel1.win32_1.0.0.202411081344/tools/bin/../lib/gcc/arm-none-eabi/13.3.1/../../../../arm-none-eabi/lib/thumb/v7-m/nofp\libc_nano.a(libc_a-mallocr.o)
                0x08006af8                _malloc_r
 .text.__malloc_lock
                0x08006bf8        0xc D:/Software/Tools/CubeIDE/STM32CubeIDE_1.19.0/STM32CubeIDE/plugins/com.st.stm32cube.ide.mcu.externaltools.gnu-tools-for-stm32.13.3.rel1.win32_1.0.0.202411081344/tools/bin/../lib/gcc/arm-none-eabi/13.3.1/../../../../arm-none-eabi/lib/thumb/v7-m/nofp\libc_nano.a(libc_a-mlock.o)
                0x08006bf8                __malloc_lock
 .text.__malloc_unlock
                0x08006c04        0xc D:/Software/Tools/CubeIDE/STM32CubeIDE_1.19.0/STM32CubeIDE/plugins/com.st.stm32cube.ide.mcu.externaltools.gnu-tools-for-stm32.13.3.rel1.win32_1.0.0.202411081344/tools/bin/../lib/gcc/arm-none-eabi/13.3.1/../../../../arm-none-eabi/lib/thumb/v7-m/nofp\libc_nano.a(libc_a-mlock.o)
                0x08006c04                __malloc_unlock
 .text.__ssputs_r
                0x08006c10       0xb6 D:/Software/Tools/CubeIDE/STM32CubeIDE_1.19.0/STM32CubeIDE/plugins/com.st.stm32cube.ide.mcu.externaltools.gnu-tools-for-stm32.13.3.rel1.win32_1.0.0.202411081344/tools/bin/../lib/gcc/arm-none-eabi/13.3.1/../../../../arm-none-eabi/lib/thumb/v7-m/nofp\libc_nano.a(libc_a-nano-svfprintf.o)
                0x08006c10                __ssputs_r
 *fill*         0x08006cc6        0x2 
 .text._svfprintf_r
                0x08006cc8      0x1f8 D:/Software/Tools/CubeIDE/STM32CubeIDE_1.19.0/STM32CubeIDE/plugins/com.st.stm32cube.ide.mcu.externaltools.gnu-tools-for-stm32.13.3.rel1.win32_1.0.0.202411081344/tools/bin/../lib/gcc/arm-none-eabi/13.3.1/../../../../arm-none-eabi/lib/thumb/v7-m/nofp\libc_nano.a(libc_a-nano-svfprintf.o)
                0x08006cc8                _svfiprintf_r
                0x08006cc8                _svfprintf_r
 .text._printf_common
                0x08006ec0       0xe4 D:/Software/Tools/CubeIDE/STM32CubeIDE_1.19.0/STM32CubeIDE/plugins/com.st.stm32cube.ide.mcu.externaltools.gnu-tools-for-stm32.13.3.rel1.win32_1.0.0.202411081344/tools/bin/../lib/gcc/arm-none-eabi/13.3.1/../../../../arm-none-eabi/lib/thumb/v7-m/nofp\libc_nano.a(libc_a-nano-vfprintf_i.o)
                0x08006ec0                _printf_common
 .text._printf_i
                0x08006fa4      0x23c D:/Software/Tools/CubeIDE/STM32CubeIDE_1.19.0/STM32CubeIDE/plugins/com.st.stm32cube.ide.mcu.externaltools.gnu-tools-for-stm32.13.3.rel1.win32_1.0.0.202411081344/tools/bin/../lib/gcc/arm-none-eabi/13.3.1/../../../../arm-none-eabi/lib/thumb/v7-m/nofp\libc_nano.a(libc_a-nano-vfprintf_i.o)
                0x08006fa4                _printf_i
 .text.memmove  0x080071e0       0x34 D:/Software/Tools/CubeIDE/STM32CubeIDE_1.19.0/STM32CubeIDE/plugins/com.st.stm32cube.ide.mcu.externaltools.gnu-tools-for-stm32.13.3.rel1.win32_1.0.0.202411081344/tools/bin/../lib/gcc/arm-none-eabi/13.3.1/../../../../arm-none-eabi/lib/thumb/v7-m/nofp\libc_nano.a(libc_a-memmove.o)
                0x080071e0                memmove
 .text._sbrk_r  0x08007214       0x20 D:/Software/Tools/CubeIDE/STM32CubeIDE_1.19.0/STM32CubeIDE/plugins/com.st.stm32cube.ide.mcu.externaltools.gnu-tools-for-stm32.13.3.rel1.win32_1.0.0.202411081344/tools/bin/../lib/gcc/arm-none-eabi/13.3.1/../../../../arm-none-eabi/lib/thumb/v7-m/nofp\libc_nano.a(libc_a-sbrkr.o)
                0x08007214                _sbrk_r
 .text.memchr   0x08007234       0x1c D:/Software/Tools/CubeIDE/STM32CubeIDE_1.19.0/STM32CubeIDE/plugins/com.st.stm32cube.ide.mcu.externaltools.gnu-tools-for-stm32.13.3.rel1.win32_1.0.0.202411081344/tools/bin/../lib/gcc/arm-none-eabi/13.3.1/../../../../arm-none-eabi/lib/thumb/v7-m/nofp\libc_nano.a(libc_a-memchr-stub.o)
                0x08007234                memchr
 .text._realloc_r
                0x08007250       0x5c D:/Software/Tools/CubeIDE/STM32CubeIDE_1.19.0/STM32CubeIDE/plugins/com.st.stm32cube.ide.mcu.externaltools.gnu-tools-for-stm32.13.3.rel1.win32_1.0.0.202411081344/tools/bin/../lib/gcc/arm-none-eabi/13.3.1/../../../../arm-none-eabi/lib/thumb/v7-m/nofp\libc_nano.a(libc_a-reallocr.o)
                0x08007250                _realloc_r
 .text._malloc_usable_size_r
                0x080072ac       0x10 D:/Software/Tools/CubeIDE/STM32CubeIDE_1.19.0/STM32CubeIDE/plugins/com.st.stm32cube.ide.mcu.externaltools.gnu-tools-for-stm32.13.3.rel1.win32_1.0.0.202411081344/tools/bin/../lib/gcc/arm-none-eabi/13.3.1/../../../../arm-none-eabi/lib/thumb/v7-m/nofp\libc_nano.a(libc_a-msizer.o)
                0x080072ac                _malloc_usable_size_r
 *(.glue_7)
 .glue_7        0x080072bc        0x0 linker stubs
 *(.glue_7t)
 .glue_7t       0x080072bc        0x0 linker stubs
 *(.eh_frame)
 .eh_frame      0x080072bc        0x0 D:/Software/Tools/CubeIDE/STM32CubeIDE_1.19.0/STM32CubeIDE/plugins/com.st.stm32cube.ide.mcu.externaltools.gnu-tools-for-stm32.13.3.rel1.win32_1.0.0.202411081344/tools/bin/../lib/gcc/arm-none-eabi/13.3.1/thumb/v7-m/nofp/crtbegin.o
 *(.init)
 .init          0x080072bc        0x4 D:/Software/Tools/CubeIDE/STM32CubeIDE_1.19.0/STM32CubeIDE/plugins/com.st.stm32cube.ide.mcu.externaltools.gnu-tools-for-stm32.13.3.rel1.win32_1.0.0.202411081344/tools/bin/../lib/gcc/arm-none-eabi/13.3.1/thumb/v7-m/nofp/crti.o
                0x080072bc                _init
 .init          0x080072c0        0x8 D:/Software/Tools/CubeIDE/STM32CubeIDE_1.19.0/STM32CubeIDE/plugins/com.st.stm32cube.ide.mcu.externaltools.gnu-tools-for-stm32.13.3.rel1.win32_1.0.0.202411081344/tools/bin/../lib/gcc/arm-none-eabi/13.3.1/thumb/v7-m/nofp/crtn.o
 *(.fini)
 .fini          0x080072c8        0x4 D:/Software/Tools/CubeIDE/STM32CubeIDE_1.19.0/STM32CubeIDE/plugins/com.st.stm32cube.ide.mcu.externaltools.gnu-tools-for-stm32.13.3.rel1.win32_1.0.0.202411081344/tools/bin/../lib/gcc/arm-none-eabi/13.3.1/thumb/v7-m/nofp/crti.o
                0x080072c8                _fini
 .fini          0x080072cc        0x8 D:/Software/Tools/CubeIDE/STM32CubeIDE_1.19.0/STM32CubeIDE/plugins/com.st.stm32cube.ide.mcu.externaltools.gnu-tools-for-stm32.13.3.rel1.win32_1.0.0.202411081344/tools/bin/../lib/gcc/arm-none-eabi/13.3.1/thumb/v7-m/nofp/crtn.o
                0x080072d4                        . = ALIGN (0x4)
                0x080072d4                        _etext = .

.vfp11_veneer   0x080072d4        0x0
 .vfp11_veneer  0x080072d4        0x0 linker stubs

.v4_bx          0x080072d4        0x0
 .v4_bx         0x080072d4        0x0 linker stubs

.iplt           0x080072d4        0x0
 .iplt          0x080072d4        0x0 D:/Software/Tools/CubeIDE/STM32CubeIDE_1.19.0/STM32CubeIDE/plugins/com.st.stm32cube.ide.mcu.externaltools.gnu-tools-for-stm32.13.3.rel1.win32_1.0.0.202411081344/tools/bin/../lib/gcc/arm-none-eabi/13.3.1/thumb/v7-m/nofp/crtbegin.o

.rodata         0x080072d4      0x404
                0x080072d4                        . = ALIGN (0x4)
 *(.rodata)
 .rodata        0x080072d4        0x9 ./Core/Src/challenge_mode.o
 *fill*         0x080072dd        0x3 
 .rodata        0x080072e0       0xb7 ./Core/Src/game_control.o
 *fill*         0x08007397        0x1 
 .rodata        0x08007398       0x87 ./Core/Src/main.o
 *(.rodata*)
 *fill*         0x0800741f        0x1 
 .rodata.KEYPAD_LAYOUT
                0x08007420       0x10 ./Core/Src/keypad_driver.o
 .rodata.row_pins
                0x08007430        0x8 ./Core/Src/keypad_driver.o
 .rodata.col_pins
                0x08007438        0x8 ./Core/Src/keypad_driver.o
 .rodata.font_5x7
                0x08007440      0x127 ./Core/Src/led_text.o
 *fill*         0x08007567        0x1 
 .rodata.SEARCH_DIRECTIONS
                0x08007568       0x10 ./Core/Src/othello_engine.o
                0x08007568                SEARCH_DIRECTIONS
 .rodata.AHBPrescTable
                0x08007578       0x10 ./Core/Src/system_stm32f1xx.o
                0x08007578                AHBPrescTable
 .rodata.APBPrescTable
                0x08007588        0x8 ./Core/Src/system_stm32f1xx.o
                0x08007588                APBPrescTable
 .rodata.aPLLMULFactorTable.1
                0x08007590       0x10 ./Drivers/STM32F1xx_HAL_Driver/Src/stm32f1xx_hal_rcc.o
 .rodata.aPredivFactorTable.0
                0x080075a0        0x2 ./Drivers/STM32F1xx_HAL_Driver/Src/stm32f1xx_hal_rcc.o
 .rodata._ctype_
                0x080075a2      0x101 D:/Software/Tools/CubeIDE/STM32CubeIDE_1.19.0/STM32CubeIDE/plugins/com.st.stm32cube.ide.mcu.externaltools.gnu-tools-for-stm32.13.3.rel1.win32_1.0.0.202411081344/tools/bin/../lib/gcc/arm-none-eabi/13.3.1/../../../../arm-none-eabi/lib/thumb/v7-m/nofp\libc_nano.a(libc_a-ctype_.o)
                0x080075a2                _ctype_
 .rodata._svfprintf_r.str1.1
                0x080076a3       0x33 D:/Software/Tools/CubeIDE/STM32CubeIDE_1.19.0/STM32CubeIDE/plugins/com.st.stm32cube.ide.mcu.externaltools.gnu-tools-for-stm32.13.3.rel1.win32_1.0.0.202411081344/tools/bin/../lib/gcc/arm-none-eabi/13.3.1/../../../../arm-none-eabi/lib/thumb/v7-m/nofp\libc_nano.a(libc_a-nano-svfprintf.o)
                                 0x11 (size before relaxing)
 .rodata._printf_i.str1.1
                0x080076d6       0x22 D:/Software/Tools/CubeIDE/STM32CubeIDE_1.19.0/STM32CubeIDE/plugins/com.st.stm32cube.ide.mcu.externaltools.gnu-tools-for-stm32.13.3.rel1.win32_1.0.0.202411081344/tools/bin/../lib/gcc/arm-none-eabi/13.3.1/../../../../arm-none-eabi/lib/thumb/v7-m/nofp\libc_nano.a(libc_a-nano-vfprintf_i.o)
                0x080076f8                        . = ALIGN (0x4)
 *fill*         0x080076d6        0x2 

.ARM.extab      0x080076d8        0x0
                0x080076d8                        . = ALIGN (0x4)
 *(.ARM.extab* .gnu.linkonce.armextab.*)
                0x080076d8                        . = ALIGN (0x4)

.ARM            0x080076d8        0x8
                0x080076d8                        . = ALIGN (0x4)
                0x080076d8                        __exidx_start = .
 *(.ARM.exidx*)
 .ARM.exidx     0x080076d8        0x8 D:/Software/Tools/CubeIDE/STM32CubeIDE_1.19.0/STM32CubeIDE/plugins/com.st.stm32cube.ide.mcu.externaltools.gnu-tools-for-stm32.13.3.rel1.win32_1.0.0.202411081344/tools/bin/../lib/gcc/arm-none-eabi/13.3.1/../../../../arm-none-eabi/lib/thumb/v7-m/nofp\libc_nano.a(libc_a-strlen.o)
                0x080076e0                        __exidx_end = .
                0x080076e0                        . = ALIGN (0x4)

.preinit_array  0x080076e0        0x0
                0x080076e0                        . = ALIGN (0x4)
                0x080076e0                        PROVIDE (__preinit_array_start = .)
 *(.preinit_array*)
                0x080076e0                        PROVIDE (__preinit_array_end = .)
                0x080076e0                        . = ALIGN (0x4)

.init_array     0x080076e0        0x4
                0x080076e0                        . = ALIGN (0x4)
                0x080076e0                        PROVIDE (__init_array_start = .)
 *(SORT_BY_NAME(.init_array.*))
 *(.init_array*)
 .init_array    0x080076e0        0x4 D:/Software/Tools/CubeIDE/STM32CubeIDE_1.19.0/STM32CubeIDE/plugins/com.st.stm32cube.ide.mcu.externaltools.gnu-tools-for-stm32.13.3.rel1.win32_1.0.0.202411081344/tools/bin/../lib/gcc/arm-none-eabi/13.3.1/thumb/v7-m/nofp/crtbegin.o
                0x080076e4                        PROVIDE (__init_array_end = .)
                0x080076e4                        . = ALIGN (0x4)

.fini_array     0x080076e4        0x4
                0x080076e4                        . = ALIGN (0x4)
                [!provide]                        PROVIDE (__fini_array_start = .)
 *(SORT_BY_NAME(.fini_array.*))
 *(.fini_array*)
 .fini_array    0x080076e4        0x4 D:/Software/Tools/CubeIDE/STM32CubeIDE_1.19.0/STM32CubeIDE/plugins/com.st.stm32cube.ide.mcu.externaltools.gnu-tools-for-stm32.13.3.rel1.win32_1.0.0.202411081344/tools/bin/../lib/gcc/arm-none-eabi/13.3.1/thumb/v7-m/nofp/crtbegin.o
                [!provide]                        PROVIDE (__fini_array_end = .)
                0x080076e8                        . = ALIGN (0x4)
                0x080076e8                        _sidata = LOADADDR (.data)

.rel.dyn        0x080076e8        0x0
 .rel.iplt      0x080076e8        0x0 D:/Software/Tools/CubeIDE/STM32CubeIDE_1.19.0/STM32CubeIDE/plugins/com.st.stm32cube.ide.mcu.externaltools.gnu-tools-for-stm32.13.3.rel1.win32_1.0.0.202411081344/tools/bin/../lib/gcc/arm-none-eabi/13.3.1/thumb/v7-m/nofp/crtbegin.o

.data           0x20000000       0x84 load address 0x080076e8
                0x20000000                        . = ALIGN (0x4)
                0x20000000                        _sdata = .
 *(.data)
 *(.data*)
 .data.row_ports
                0x20000000       0x10 ./Core/Src/keypad_driver.o
 .data.col_ports
                0x20000010       0x10 ./Core/Src/keypad_driver.o
 .data.cursor_row
                0x20000020        0x1 ./Core/Src/main.o
 .data.cursor_col
                0x20000021        0x1 ./Core/Src/main.o
 .data.cursor_visible
                0x20000022        0x1 ./Core/Src/main.o
 .data.current_game_mode
                0x20000023        0x1 ./Core/Src/main.o
 .data.SystemCoreClock
                0x20000024        0x4 ./Core/Src/system_stm32f1xx.o
                0x20000024                SystemCoreClock
 .data.ws2812b_state
                0x20000028        0x3 ./Core/Src/ws2812b_driver.o
 *fill*         0x2000002b        0x1 
 .data.uwTickPrio
                0x2000002c        0x4 ./Drivers/STM32F1xx_HAL_Driver/Src/stm32f1xx_hal.o
                0x2000002c                uwTickPrio
 .data.uwTickFreq
                0x20000030        0x1 ./Drivers/STM32F1xx_HAL_Driver/Src/stm32f1xx_hal.o
                0x20000030                uwTickFreq
 *fill*         0x20000031        0x3 
 .data._impure_ptr
                0x20000034        0x4 D:/Software/Tools/CubeIDE/STM32CubeIDE_1.19.0/STM32CubeIDE/plugins/com.st.stm32cube.ide.mcu.externaltools.gnu-tools-for-stm32.13.3.rel1.win32_1.0.0.202411081344/tools/bin/../lib/gcc/arm-none-eabi/13.3.1/../../../../arm-none-eabi/lib/thumb/v7-m/nofp\libc_nano.a(libc_a-impure.o)
                0x20000034                _impure_ptr
 .data._impure_data
                0x20000038       0x4c D:/Software/Tools/CubeIDE/STM32CubeIDE_1.19.0/STM32CubeIDE/plugins/com.st.stm32cube.ide.mcu.externaltools.gnu-tools-for-stm32.13.3.rel1.win32_1.0.0.202411081344/tools/bin/../lib/gcc/arm-none-eabi/13.3.1/../../../../arm-none-eabi/lib/thumb/v7-m/nofp\libc_nano.a(libc_a-impure.o)
                0x20000038                _impure_data
 *(.RamFunc)
 *(.RamFunc*)
                0x20000084                        . = ALIGN (0x4)
                0x20000084                        _edata = .

.igot.plt       0x20000084        0x0 load address 0x0800776c
 .igot.plt      0x20000084        0x0 D:/Software/Tools/CubeIDE/STM32CubeIDE_1.19.0/STM32CubeIDE/plugins/com.st.stm32cube.ide.mcu.externaltools.gnu-tools-for-stm32.13.3.rel1.win32_1.0.0.202411081344/tools/bin/../lib/gcc/arm-none-eabi/13.3.1/thumb/v7-m/nofp/crtbegin.o
                0x20000084                        . = ALIGN (0x4)

.bss            0x20000084     0x1544 load address 0x0800776c
                0x20000084                        _sbss = .
                0x20000084                        __bss_start__ = _sbss
 *(.bss)
 .bss           0x20000084       0x1c D:/Software/Tools/CubeIDE/STM32CubeIDE_1.19.0/STM32CubeIDE/plugins/com.st.stm32cube.ide.mcu.externaltools.gnu-tools-for-stm32.13.3.rel1.win32_1.0.0.202411081344/tools/bin/../lib/gcc/arm-none-eabi/13.3.1/thumb/v7-m/nofp/crtbegin.o
 *(.bss*)
 .bss.g_challenge_ctx
                0x200000a0       0x14 ./Core/Src/challenge_mode.o
 .bss.game_ctrl_ctx
                0x200000b4       0x14 ./Core/Src/game_control.o
 .bss.keypad_driver
                0x200000c8      0x1a0 ./Core/Src/keypad_driver.o
 .bss.last_scan.0
                0x20000268        0x4 ./Core/Src/keypad_driver.o
 .bss.htim2     0x2000026c       0x48 ./Core/Src/main.o
                0x2000026c                htim2
 .bss.hdma_tim2_ch1
                0x200002b4       0x44 ./Core/Src/main.o
                0x200002b4                hdma_tim2_ch1
 .bss.huart1    0x200002f8       0x48 ./Core/Src/main.o
                0x200002f8                huart1
 .bss.game_state
                0x20000340       0x9c ./Core/Src/main.o
 .bss.game_stats
                0x200003dc       0x20 ./Core/Src/main.o
 .bss.game_initialized
                0x200003fc        0x1 ./Core/Src/main.o
 *fill*         0x200003fd        0x3 
 .bss.cursor_blink_timer
                0x20000400        0x4 ./Core/Src/main.o
 .bss.last_update.1
                0x20000404        0x4 ./Core/Src/main.o
 .bss.handled.0
                0x20000408        0x1 ./Core/Src/main.o
 *fill*         0x20000409        0x3 
 .bss.engine    0x2000040c       0x24 ./Core/Src/othello_engine.o
 .bss.__sbrk_heap_end
                0x20000430        0x4 ./Core/Src/sysmem.o
 .bss.protocol_state
                0x20000434      0x338 ./Core/Src/uart_protocol.o
 .bss.pwm_buffer
                0x2000076c      0xc50 ./Core/Src/ws2812b_driver.o
 .bss.led_buffer
                0x200013bc       0xc0 ./Core/Src/ws2812b_driver.o
 .bss.uwTick    0x2000147c        0x4 ./Drivers/STM32F1xx_HAL_Driver/Src/stm32f1xx_hal.o
                0x2000147c                uwTick
 .bss.__sf      0x20001480      0x138 D:/Software/Tools/CubeIDE/STM32CubeIDE_1.19.0/STM32CubeIDE/plugins/com.st.stm32cube.ide.mcu.externaltools.gnu-tools-for-stm32.13.3.rel1.win32_1.0.0.202411081344/tools/bin/../lib/gcc/arm-none-eabi/13.3.1/../../../../arm-none-eabi/lib/thumb/v7-m/nofp\libc_nano.a(libc_a-findfp.o)
                0x20001480                __sf
 .bss.errno     0x200015b8        0x4 D:/Software/Tools/CubeIDE/STM32CubeIDE_1.19.0/STM32CubeIDE/plugins/com.st.stm32cube.ide.mcu.externaltools.gnu-tools-for-stm32.13.3.rel1.win32_1.0.0.202411081344/tools/bin/../lib/gcc/arm-none-eabi/13.3.1/../../../../arm-none-eabi/lib/thumb/v7-m/nofp\libc_nano.a(libc_a-reent.o)
                0x200015b8                errno
 .bss.__lock___malloc_recursive_mutex
                0x200015bc        0x1 D:/Software/Tools/CubeIDE/STM32CubeIDE_1.19.0/STM32CubeIDE/plugins/com.st.stm32cube.ide.mcu.externaltools.gnu-tools-for-stm32.13.3.rel1.win32_1.0.0.202411081344/tools/bin/../lib/gcc/arm-none-eabi/13.3.1/../../../../arm-none-eabi/lib/thumb/v7-m/nofp\libc_nano.a(libc_a-lock.o)
                0x200015bc                __lock___malloc_recursive_mutex
 *fill*         0x200015bd        0x3 
 .bss.__malloc_sbrk_start
                0x200015c0        0x4 D:/Software/Tools/CubeIDE/STM32CubeIDE_1.19.0/STM32CubeIDE/plugins/com.st.stm32cube.ide.mcu.externaltools.gnu-tools-for-stm32.13.3.rel1.win32_1.0.0.202411081344/tools/bin/../lib/gcc/arm-none-eabi/13.3.1/../../../../arm-none-eabi/lib/thumb/v7-m/nofp\libc_nano.a(libc_a-mallocr.o)
                0x200015c0                __malloc_sbrk_start
 .bss.__malloc_free_list
                0x200015c4        0x4 D:/Software/Tools/CubeIDE/STM32CubeIDE_1.19.0/STM32CubeIDE/plugins/com.st.stm32cube.ide.mcu.externaltools.gnu-tools-for-stm32.13.3.rel1.win32_1.0.0.202411081344/tools/bin/../lib/gcc/arm-none-eabi/13.3.1/../../../../arm-none-eabi/lib/thumb/v7-m/nofp\libc_nano.a(libc_a-mallocr.o)
                0x200015c4                __malloc_free_list
 *(COMMON)
                0x200015c8                        . = ALIGN (0x4)
                0x200015c8                        _ebss = .
                0x200015c8                        __bss_end__ = _ebss

._user_heap_stack
                0x200015c8      0x600 load address 0x0800776c
                0x200015c8                        . = ALIGN (0x8)
                [!provide]                        PROVIDE (end = .)
                0x200015c8                        PROVIDE (_end = .)
                0x200017c8                        . = (. + _Min_Heap_Size)
 *fill*         0x200015c8      0x200 
                0x20001bc8                        . = (. + _Min_Stack_Size)
 *fill*         0x200017c8      0x400 
                0x20001bc8                        . = ALIGN (0x8)

/DISCARD/
 libc.a(*)
 libm.a(*)
 libgcc.a(*)

.ARM.attributes
                0x00000000       0x29
 *(.ARM.attributes)
 .ARM.attributes
                0x00000000       0x1d D:/Software/Tools/CubeIDE/STM32CubeIDE_1.19.0/STM32CubeIDE/plugins/com.st.stm32cube.ide.mcu.externaltools.gnu-tools-for-stm32.13.3.rel1.win32_1.0.0.202411081344/tools/bin/../lib/gcc/arm-none-eabi/13.3.1/thumb/v7-m/nofp/crti.o
 .ARM.attributes
                0x0000001d       0x2d D:/Software/Tools/CubeIDE/STM32CubeIDE_1.19.0/STM32CubeIDE/plugins/com.st.stm32cube.ide.mcu.externaltools.gnu-tools-for-stm32.13.3.rel1.win32_1.0.0.202411081344/tools/bin/../lib/gcc/arm-none-eabi/13.3.1/thumb/v7-m/nofp/crtbegin.o
 .ARM.attributes
                0x0000004a       0x2d ./Core/Src/challenge_mode.o
 .ARM.attributes
                0x00000077       0x2d ./Core/Src/game_control.o
 .ARM.attributes
                0x000000a4       0x2d ./Core/Src/keypad_driver.o
 .ARM.attributes
                0x000000d1       0x2d ./Core/Src/led_text.o
 .ARM.attributes
                0x000000fe       0x2d ./Core/Src/main.o
 .ARM.attributes
                0x0000012b       0x2d ./Core/Src/othello_engine.o
 .ARM.attributes
                0x00000158       0x2d ./Core/Src/stm32f1xx_hal_msp.o
 .ARM.attributes
                0x00000185       0x2d ./Core/Src/stm32f1xx_it.o
 .ARM.attributes
                0x000001b2       0x2d ./Core/Src/sysmem.o
 .ARM.attributes
                0x000001df       0x2d ./Core/Src/system_stm32f1xx.o
 .ARM.attributes
                0x0000020c       0x2d ./Core/Src/uart_protocol.o
 .ARM.attributes
                0x00000239       0x2d ./Core/Src/ws2812b_driver.o
 .ARM.attributes
                0x00000266       0x21 ./Core/Startup/startup_stm32f103c8tx.o
 .ARM.attributes
                0x00000287       0x2d ./Drivers/STM32F1xx_HAL_Driver/Src/stm32f1xx_hal.o
 .ARM.attributes
                0x000002b4       0x2d ./Drivers/STM32F1xx_HAL_Driver/Src/stm32f1xx_hal_cortex.o
 .ARM.attributes
                0x000002e1       0x2d ./Drivers/STM32F1xx_HAL_Driver/Src/stm32f1xx_hal_dma.o
 .ARM.attributes
                0x0000030e       0x2d ./Drivers/STM32F1xx_HAL_Driver/Src/stm32f1xx_hal_gpio.o
 .ARM.attributes
                0x0000033b       0x2d ./Drivers/STM32F1xx_HAL_Driver/Src/stm32f1xx_hal_rcc.o
 .ARM.attributes
                0x00000368       0x2d ./Drivers/STM32F1xx_HAL_Driver/Src/stm32f1xx_hal_tim.o
 .ARM.attributes
                0x00000395       0x2d ./Drivers/STM32F1xx_HAL_Driver/Src/stm32f1xx_hal_tim_ex.o
 .ARM.attributes
                0x000003c2       0x2d ./Drivers/STM32F1xx_HAL_Driver/Src/stm32f1xx_hal_uart.o
 .ARM.attributes
                0x000003ef       0x2d D:/Software/Tools/CubeIDE/STM32CubeIDE_1.19.0/STM32CubeIDE/plugins/com.st.stm32cube.ide.mcu.externaltools.gnu-tools-for-stm32.13.3.rel1.win32_1.0.0.202411081344/tools/bin/../lib/gcc/arm-none-eabi/13.3.1/../../../../arm-none-eabi/lib/thumb/v7-m/nofp\libc_nano.a(libc_a-ctype_.o)
 .ARM.attributes
                0x0000041c       0x2d D:/Software/Tools/CubeIDE/STM32CubeIDE_1.19.0/STM32CubeIDE/plugins/com.st.stm32cube.ide.mcu.externaltools.gnu-tools-for-stm32.13.3.rel1.win32_1.0.0.202411081344/tools/bin/../lib/gcc/arm-none-eabi/13.3.1/../../../../arm-none-eabi/lib/thumb/v7-m/nofp\libc_nano.a(libc_a-findfp.o)
 .ARM.attributes
                0x00000449       0x2d D:/Software/Tools/CubeIDE/STM32CubeIDE_1.19.0/STM32CubeIDE/plugins/com.st.stm32cube.ide.mcu.externaltools.gnu-tools-for-stm32.13.3.rel1.win32_1.0.0.202411081344/tools/bin/../lib/gcc/arm-none-eabi/13.3.1/../../../../arm-none-eabi/lib/thumb/v7-m/nofp\libc_nano.a(libc_a-snprintf.o)
 .ARM.attributes
                0x00000476       0x2d D:/Software/Tools/CubeIDE/STM32CubeIDE_1.19.0/STM32CubeIDE/plugins/com.st.stm32cube.ide.mcu.externaltools.gnu-tools-for-stm32.13.3.rel1.win32_1.0.0.202411081344/tools/bin/../lib/gcc/arm-none-eabi/13.3.1/../../../../arm-none-eabi/lib/thumb/v7-m/nofp\libc_nano.a(libc_a-memset.o)
 .ARM.attributes
                0x000004a3       0x2d D:/Software/Tools/CubeIDE/STM32CubeIDE_1.19.0/STM32CubeIDE/plugins/com.st.stm32cube.ide.mcu.externaltools.gnu-tools-for-stm32.13.3.rel1.win32_1.0.0.202411081344/tools/bin/../lib/gcc/arm-none-eabi/13.3.1/../../../../arm-none-eabi/lib/thumb/v7-m/nofp\libc_nano.a(libc_a-reent.o)
 .ARM.attributes
                0x000004d0       0x2d D:/Software/Tools/CubeIDE/STM32CubeIDE_1.19.0/STM32CubeIDE/plugins/com.st.stm32cube.ide.mcu.externaltools.gnu-tools-for-stm32.13.3.rel1.win32_1.0.0.202411081344/tools/bin/../lib/gcc/arm-none-eabi/13.3.1/../../../../arm-none-eabi/lib/thumb/v7-m/nofp\libc_nano.a(libc_a-impure.o)
 .ARM.attributes
                0x000004fd       0x2d D:/Software/Tools/CubeIDE/STM32CubeIDE_1.19.0/STM32CubeIDE/plugins/com.st.stm32cube.ide.mcu.externaltools.gnu-tools-for-stm32.13.3.rel1.win32_1.0.0.202411081344/tools/bin/../lib/gcc/arm-none-eabi/13.3.1/../../../../arm-none-eabi/lib/thumb/v7-m/nofp\libc_nano.a(libc_a-errno.o)
 .ARM.attributes
                0x0000052a       0x2d D:/Software/Tools/CubeIDE/STM32CubeIDE_1.19.0/STM32CubeIDE/plugins/com.st.stm32cube.ide.mcu.externaltools.gnu-tools-for-stm32.13.3.rel1.win32_1.0.0.202411081344/tools/bin/../lib/gcc/arm-none-eabi/13.3.1/../../../../arm-none-eabi/lib/thumb/v7-m/nofp\libc_nano.a(libc_a-init.o)
 .ARM.attributes
                0x00000557       0x2d D:/Software/Tools/CubeIDE/STM32CubeIDE_1.19.0/STM32CubeIDE/plugins/com.st.stm32cube.ide.mcu.externaltools.gnu-tools-for-stm32.13.3.rel1.win32_1.0.0.202411081344/tools/bin/../lib/gcc/arm-none-eabi/13.3.1/../../../../arm-none-eabi/lib/thumb/v7-m/nofp\libc_nano.a(libc_a-lock.o)
 .ARM.attributes
                0x00000584       0x2d D:/Software/Tools/CubeIDE/STM32CubeIDE_1.19.0/STM32CubeIDE/plugins/com.st.stm32cube.ide.mcu.externaltools.gnu-tools-for-stm32.13.3.rel1.win32_1.0.0.202411081344/tools/bin/../lib/gcc/arm-none-eabi/13.3.1/../../../../arm-none-eabi/lib/thumb/v7-m/nofp\libc_nano.a(libc_a-memcpy-stub.o)
 .ARM.attributes
                0x000005b1       0x17 D:/Software/Tools/CubeIDE/STM32CubeIDE_1.19.0/STM32CubeIDE/plugins/com.st.stm32cube.ide.mcu.externaltools.gnu-tools-for-stm32.13.3.rel1.win32_1.0.0.202411081344/tools/bin/../lib/gcc/arm-none-eabi/13.3.1/../../../../arm-none-eabi/lib/thumb/v7-m/nofp\libc_nano.a(libc_a-strlen.o)
 .ARM.attributes
                0x000005c8       0x2d D:/Software/Tools/CubeIDE/STM32CubeIDE_1.19.0/STM32CubeIDE/plugins/com.st.stm32cube.ide.mcu.externaltools.gnu-tools-for-stm32.13.3.rel1.win32_1.0.0.202411081344/tools/bin/../lib/gcc/arm-none-eabi/13.3.1/../../../../arm-none-eabi/lib/thumb/v7-m/nofp\libc_nano.a(libc_a-freer.o)
 .ARM.attributes
                0x000005f5       0x2d D:/Software/Tools/CubeIDE/STM32CubeIDE_1.19.0/STM32CubeIDE/plugins/com.st.stm32cube.ide.mcu.externaltools.gnu-tools-for-stm32.13.3.rel1.win32_1.0.0.202411081344/tools/bin/../lib/gcc/arm-none-eabi/13.3.1/../../../../arm-none-eabi/lib/thumb/v7-m/nofp\libc_nano.a(libc_a-mallocr.o)
 .ARM.attributes
                0x00000622       0x2d D:/Software/Tools/CubeIDE/STM32CubeIDE_1.19.0/STM32CubeIDE/plugins/com.st.stm32cube.ide.mcu.externaltools.gnu-tools-for-stm32.13.3.rel1.win32_1.0.0.202411081344/tools/bin/../lib/gcc/arm-none-eabi/13.3.1/../../../../arm-none-eabi/lib/thumb/v7-m/nofp\libc_nano.a(libc_a-mlock.o)
 .ARM.attributes
                0x0000064f       0x2d D:/Software/Tools/CubeIDE/STM32CubeIDE_1.19.0/STM32CubeIDE/plugins/com.st.stm32cube.ide.mcu.externaltools.gnu-tools-for-stm32.13.3.rel1.win32_1.0.0.202411081344/tools/bin/../lib/gcc/arm-none-eabi/13.3.1/../../../../arm-none-eabi/lib/thumb/v7-m/nofp\libc_nano.a(libc_a-nano-svfprintf.o)
 .ARM.attributes
                0x0000067c       0x2d D:/Software/Tools/CubeIDE/STM32CubeIDE_1.19.0/STM32CubeIDE/plugins/com.st.stm32cube.ide.mcu.externaltools.gnu-tools-for-stm32.13.3.rel1.win32_1.0.0.202411081344/tools/bin/../lib/gcc/arm-none-eabi/13.3.1/../../../../arm-none-eabi/lib/thumb/v7-m/nofp\libc_nano.a(libc_a-nano-vfprintf_i.o)
 .ARM.attributes
                0x000006a9       0x2d D:/Software/Tools/CubeIDE/STM32CubeIDE_1.19.0/STM32CubeIDE/plugins/com.st.stm32cube.ide.mcu.externaltools.gnu-tools-for-stm32.13.3.rel1.win32_1.0.0.202411081344/tools/bin/../lib/gcc/arm-none-eabi/13.3.1/../../../../arm-none-eabi/lib/thumb/v7-m/nofp\libc_nano.a(libc_a-memmove.o)
 .ARM.attributes
                0x000006d6       0x2d D:/Software/Tools/CubeIDE/STM32CubeIDE_1.19.0/STM32CubeIDE/plugins/com.st.stm32cube.ide.mcu.externaltools.gnu-tools-for-stm32.13.3.rel1.win32_1.0.0.202411081344/tools/bin/../lib/gcc/arm-none-eabi/13.3.1/../../../../arm-none-eabi/lib/thumb/v7-m/nofp\libc_nano.a(libc_a-sbrkr.o)
 .ARM.attributes
                0x00000703       0x2d D:/Software/Tools/CubeIDE/STM32CubeIDE_1.19.0/STM32CubeIDE/plugins/com.st.stm32cube.ide.mcu.externaltools.gnu-tools-for-stm32.13.3.rel1.win32_1.0.0.202411081344/tools/bin/../lib/gcc/arm-none-eabi/13.3.1/../../../../arm-none-eabi/lib/thumb/v7-m/nofp\libc_nano.a(libc_a-memchr-stub.o)
 .ARM.attributes
                0x00000730       0x2d D:/Software/Tools/CubeIDE/STM32CubeIDE_1.19.0/STM32CubeIDE/plugins/com.st.stm32cube.ide.mcu.externaltools.gnu-tools-for-stm32.13.3.rel1.win32_1.0.0.202411081344/tools/bin/../lib/gcc/arm-none-eabi/13.3.1/../../../../arm-none-eabi/lib/thumb/v7-m/nofp\libc_nano.a(libc_a-reallocr.o)
 .ARM.attributes
                0x0000075d       0x2d D:/Software/Tools/CubeIDE/STM32CubeIDE_1.19.0/STM32CubeIDE/plugins/com.st.stm32cube.ide.mcu.externaltools.gnu-tools-for-stm32.13.3.rel1.win32_1.0.0.202411081344/tools/bin/../lib/gcc/arm-none-eabi/13.3.1/../../../../arm-none-eabi/lib/thumb/v7-m/nofp\libc_nano.a(libc_a-msizer.o)
 .ARM.attributes
                0x0000078a       0x1d D:/Software/Tools/CubeIDE/STM32CubeIDE_1.19.0/STM32CubeIDE/plugins/com.st.stm32cube.ide.mcu.externaltools.gnu-tools-for-stm32.13.3.rel1.win32_1.0.0.202411081344/tools/bin/../lib/gcc/arm-none-eabi/13.3.1/thumb/v7-m/nofp/crtn.o
OUTPUT(STM32_Othello.elf elf32-littlearm)
LOAD linker stubs
LOAD D:/Software/Tools/CubeIDE/STM32CubeIDE_1.19.0/STM32CubeIDE/plugins/com.st.stm32cube.ide.mcu.externaltools.gnu-tools-for-stm32.13.3.rel1.win32_1.0.0.202411081344/tools/bin/../lib/gcc/arm-none-eabi/13.3.1/../../../../arm-none-eabi/lib/thumb/v7-m/nofp\libc.a
LOAD D:/Software/Tools/CubeIDE/STM32CubeIDE_1.19.0/STM32CubeIDE/plugins/com.st.stm32cube.ide.mcu.externaltools.gnu-tools-for-stm32.13.3.rel1.win32_1.0.0.202411081344/tools/bin/../lib/gcc/arm-none-eabi/13.3.1/../../../../arm-none-eabi/lib/thumb/v7-m/nofp\libm.a
LOAD D:/Software/Tools/CubeIDE/STM32CubeIDE_1.19.0/STM32CubeIDE/plugins/com.st.stm32cube.ide.mcu.externaltools.gnu-tools-for-stm32.13.3.rel1.win32_1.0.0.202411081344/tools/bin/../lib/gcc/arm-none-eabi/13.3.1/thumb/v7-m/nofp\libgcc.a

.debug_info     0x00000000    0x11d74
 .debug_info    0x00000000      0x641 ./Core/Src/challenge_mode.o
 .debug_info    0x00000641      0x887 ./Core/Src/game_control.o
 .debug_info    0x00000ec8      0xe7b ./Core/Src/keypad_driver.o
 .debug_info    0x00001d43      0x546 ./Core/Src/led_text.o
 .debug_info    0x00002289     0x2382 ./Core/Src/main.o
 .debug_info    0x0000460b      0xc73 ./Core/Src/othello_engine.o
 .debug_info    0x0000527e      0xde5 ./Core/Src/stm32f1xx_hal_msp.o
 .debug_info    0x00006063      0x979 ./Core/Src/stm32f1xx_it.o
 .debug_info    0x000069dc      0x168 ./Core/Src/sysmem.o
 .debug_info    0x00006b44      0x222 ./Core/Src/system_stm32f1xx.o
 .debug_info    0x00006d66     0x122b ./Core/Src/uart_protocol.o
 .debug_info    0x00007f91      0xaf5 ./Core/Src/ws2812b_driver.o
 .debug_info    0x00008a86       0x30 ./Core/Startup/startup_stm32f103c8tx.o
 .debug_info    0x00008ab6      0x704 ./Drivers/STM32F1xx_HAL_Driver/Src/stm32f1xx_hal.o
 .debug_info    0x000091ba      0xa87 ./Drivers/STM32F1xx_HAL_Driver/Src/stm32f1xx_hal_cortex.o
 .debug_info    0x00009c41      0x6d2 ./Drivers/STM32F1xx_HAL_Driver/Src/stm32f1xx_hal_dma.o
 .debug_info    0x0000a313      0x5ab ./Drivers/STM32F1xx_HAL_Driver/Src/stm32f1xx_hal_gpio.o
 .debug_info    0x0000a8be      0x7d5 ./Drivers/STM32F1xx_HAL_Driver/Src/stm32f1xx_hal_rcc.o
 .debug_info    0x0000b093     0x2959 ./Drivers/STM32F1xx_HAL_Driver/Src/stm32f1xx_hal_tim.o
 .debug_info    0x0000d9ec     0x149b ./Drivers/STM32F1xx_HAL_Driver/Src/stm32f1xx_hal_tim_ex.o
 .debug_info    0x0000ee87     0x2eed ./Drivers/STM32F1xx_HAL_Driver/Src/stm32f1xx_hal_uart.o

.debug_abbrev   0x00000000     0x2f8c
 .debug_abbrev  0x00000000      0x1bd ./Core/Src/challenge_mode.o
 .debug_abbrev  0x000001bd      0x243 ./Core/Src/game_control.o
 .debug_abbrev  0x00000400      0x34b ./Core/Src/keypad_driver.o
 .debug_abbrev  0x0000074b      0x238 ./Core/Src/led_text.o
 .debug_abbrev  0x00000983      0x394 ./Core/Src/main.o
 .debug_abbrev  0x00000d17      0x293 ./Core/Src/othello_engine.o
 .debug_abbrev  0x00000faa      0x21c ./Core/Src/stm32f1xx_hal_msp.o
 .debug_abbrev  0x000011c6      0x19b ./Core/Src/stm32f1xx_it.o
 .debug_abbrev  0x00001361       0xbc ./Core/Src/sysmem.o
 .debug_abbrev  0x0000141d      0x13f ./Core/Src/system_stm32f1xx.o
 .debug_abbrev  0x0000155c      0x39b ./Core/Src/uart_protocol.o
 .debug_abbrev  0x000018f7      0x2ff ./Core/Src/ws2812b_driver.o
 .debug_abbrev  0x00001bf6       0x24 ./Core/Startup/startup_stm32f103c8tx.o
 .debug_abbrev  0x00001c1a      0x201 ./Drivers/STM32F1xx_HAL_Driver/Src/stm32f1xx_hal.o
 .debug_abbrev  0x00001e1b      0x2f8 ./Drivers/STM32F1xx_HAL_Driver/Src/stm32f1xx_hal_cortex.o
 .debug_abbrev  0x00002113      0x20b ./Drivers/STM32F1xx_HAL_Driver/Src/stm32f1xx_hal_dma.o
 .debug_abbrev  0x0000231e      0x1ca ./Drivers/STM32F1xx_HAL_Driver/Src/stm32f1xx_hal_gpio.o
 .debug_abbrev  0x000024e8      0x2b3 ./Drivers/STM32F1xx_HAL_Driver/Src/stm32f1xx_hal_rcc.o
 .debug_abbrev  0x0000279b      0x277 ./Drivers/STM32F1xx_HAL_Driver/Src/stm32f1xx_hal_tim.o
 .debug_abbrev  0x00002a12      0x282 ./Drivers/STM32F1xx_HAL_Driver/Src/stm32f1xx_hal_tim_ex.o
 .debug_abbrev  0x00002c94      0x2f8 ./Drivers/STM32F1xx_HAL_Driver/Src/stm32f1xx_hal_uart.o

.debug_aranges  0x00000000     0x1188
 .debug_aranges
                0x00000000       0x98 ./Core/Src/challenge_mode.o
 .debug_aranges
                0x00000098       0xa8 ./Core/Src/game_control.o
 .debug_aranges
                0x00000140      0x100 ./Core/Src/keypad_driver.o
 .debug_aranges
                0x00000240       0x50 ./Core/Src/led_text.o
 .debug_aranges
                0x00000290       0xc8 ./Core/Src/main.o
 .debug_aranges
                0x00000358       0xf8 ./Core/Src/othello_engine.o
 .debug_aranges
                0x00000450       0x48 ./Core/Src/stm32f1xx_hal_msp.o
 .debug_aranges
                0x00000498       0x78 ./Core/Src/stm32f1xx_it.o
 .debug_aranges
                0x00000510       0x20 ./Core/Src/sysmem.o
 .debug_aranges
                0x00000530       0x28 ./Core/Src/system_stm32f1xx.o
 .debug_aranges
                0x00000558       0xf8 ./Core/Src/uart_protocol.o
 .debug_aranges
                0x00000650       0x88 ./Core/Src/ws2812b_driver.o
 .debug_aranges
                0x000006d8       0x28 ./Core/Startup/startup_stm32f103c8tx.o
 .debug_aranges
                0x00000700       0xe0 ./Drivers/STM32F1xx_HAL_Driver/Src/stm32f1xx_hal.o
 .debug_aranges
                0x000007e0      0x100 ./Drivers/STM32F1xx_HAL_Driver/Src/stm32f1xx_hal_cortex.o
 .debug_aranges
                0x000008e0       0x80 ./Drivers/STM32F1xx_HAL_Driver/Src/stm32f1xx_hal_dma.o
 .debug_aranges
                0x00000960       0x58 ./Drivers/STM32F1xx_HAL_Driver/Src/stm32f1xx_hal_gpio.o
 .debug_aranges
                0x000009b8       0x90 ./Drivers/STM32F1xx_HAL_Driver/Src/stm32f1xx_hal_rcc.o
 .debug_aranges
                0x00000a48      0x3d0 ./Drivers/STM32F1xx_HAL_Driver/Src/stm32f1xx_hal_tim.o
 .debug_aranges
                0x00000e18      0x168 ./Drivers/STM32F1xx_HAL_Driver/Src/stm32f1xx_hal_tim_ex.o
 .debug_aranges
                0x00000f80      0x208 ./Drivers/STM32F1xx_HAL_Driver/Src/stm32f1xx_hal_uart.o

.debug_rnglists
                0x00000000      0xde8
 .debug_rnglists
                0x00000000       0x6e ./Core/Src/challenge_mode.o
 .debug_rnglists
                0x0000006e       0x7d ./Core/Src/game_control.o
 .debug_rnglists
                0x000000eb       0xc3 ./Core/Src/keypad_driver.o
 .debug_rnglists
                0x000001ae       0x3a ./Core/Src/led_text.o
 .debug_rnglists
                0x000001e8       0xe5 ./Core/Src/main.o
 .debug_rnglists
                0x000002cd       0xbd ./Core/Src/othello_engine.o
 .debug_rnglists
                0x0000038a       0x33 ./Core/Src/stm32f1xx_hal_msp.o
 .debug_rnglists
                0x000003bd       0x55 ./Core/Src/stm32f1xx_it.o
 .debug_rnglists
                0x00000412       0x13 ./Core/Src/sysmem.o
 .debug_rnglists
                0x00000425       0x1a ./Core/Src/system_stm32f1xx.o
 .debug_rnglists
                0x0000043f       0xc5 ./Core/Src/uart_protocol.o
 .debug_rnglists
                0x00000504       0x63 ./Core/Src/ws2812b_driver.o
 .debug_rnglists
                0x00000567       0x19 ./Core/Startup/startup_stm32f103c8tx.o
 .debug_rnglists
                0x00000580       0xa3 ./Drivers/STM32F1xx_HAL_Driver/Src/stm32f1xx_hal.o
 .debug_rnglists
                0x00000623       0xbb ./Drivers/STM32F1xx_HAL_Driver/Src/stm32f1xx_hal_cortex.o
 .debug_rnglists
                0x000006de       0x64 ./Drivers/STM32F1xx_HAL_Driver/Src/stm32f1xx_hal_dma.o
 .debug_rnglists
                0x00000742       0x3f ./Drivers/STM32F1xx_HAL_Driver/Src/stm32f1xx_hal_gpio.o
 .debug_rnglists
                0x00000781       0x6c ./Drivers/STM32F1xx_HAL_Driver/Src/stm32f1xx_hal_rcc.o
 .debug_rnglists
                0x000007ed      0x31a ./Drivers/STM32F1xx_HAL_Driver/Src/stm32f1xx_hal_tim.o
 .debug_rnglists
                0x00000b07      0x125 ./Drivers/STM32F1xx_HAL_Driver/Src/stm32f1xx_hal_tim_ex.o
 .debug_rnglists
                0x00000c2c      0x1bc ./Drivers/STM32F1xx_HAL_Driver/Src/stm32f1xx_hal_uart.o

.debug_macro    0x00000000    0x19322
 .debug_macro   0x00000000      0x2c8 ./Core/Src/challenge_mode.o
 .debug_macro   0x000002c8      0xacc ./Core/Src/challenge_mode.o
 .debug_macro   0x00000d94      0x221 ./Core/Src/challenge_mode.o
 .debug_macro   0x00000fb5       0x2e ./Core/Src/challenge_mode.o
 .debug_macro   0x00000fe3       0x22 ./Core/Src/challenge_mode.o
 .debug_macro   0x00001005       0x22 ./Core/Src/challenge_mode.o
 .debug_macro   0x00001027       0x8e ./Core/Src/challenge_mode.o
 .debug_macro   0x000010b5       0x51 ./Core/Src/challenge_mode.o
 .debug_macro   0x00001106      0x103 ./Core/Src/challenge_mode.o
 .debug_macro   0x00001209       0x6a ./Core/Src/challenge_mode.o
 .debug_macro   0x00001273      0x1df ./Core/Src/challenge_mode.o
 .debug_macro   0x00001452       0x1c ./Core/Src/challenge_mode.o
 .debug_macro   0x0000146e       0x22 ./Core/Src/challenge_mode.o
 .debug_macro   0x00001490       0xbd ./Core/Src/challenge_mode.o
 .debug_macro   0x0000154d      0xd23 ./Core/Src/challenge_mode.o
 .debug_macro   0x00002270     0xe09e ./Core/Src/challenge_mode.o
 .debug_macro   0x0001030e       0x6d ./Core/Src/challenge_mode.o
 .debug_macro   0x0001037b     0x34a2 ./Core/Src/challenge_mode.o
 .debug_macro   0x0001381d      0x190 ./Core/Src/challenge_mode.o
 .debug_macro   0x000139ad       0x5c ./Core/Src/challenge_mode.o
 .debug_macro   0x00013a09      0x5bc ./Core/Src/challenge_mode.o
 .debug_macro   0x00013fc5      0x289 ./Core/Src/challenge_mode.o
 .debug_macro   0x0001424e      0x1cb ./Core/Src/challenge_mode.o
 .debug_macro   0x00014419      0x114 ./Core/Src/challenge_mode.o
 .debug_macro   0x0001452d      0x1b2 ./Core/Src/challenge_mode.o
 .debug_macro   0x000146df       0x27 ./Core/Src/challenge_mode.o
 .debug_macro   0x00014706      0x136 ./Core/Src/challenge_mode.o
 .debug_macro   0x0001483c      0x1bc ./Core/Src/challenge_mode.o
 .debug_macro   0x000149f8       0x34 ./Core/Src/challenge_mode.o
 .debug_macro   0x00014a2c       0x3c ./Core/Src/challenge_mode.o
 .debug_macro   0x00014a68       0x57 ./Core/Src/challenge_mode.o
 .debug_macro   0x00014abf       0x87 ./Core/Src/challenge_mode.o
 .debug_macro   0x00014b46      0x240 ./Core/Src/challenge_mode.o
 .debug_macro   0x00014d86      0x140 ./Core/Src/challenge_mode.o
 .debug_macro   0x00014ec6      0x8ed ./Core/Src/challenge_mode.o
 .debug_macro   0x000157b3      0x28e ./Core/Src/challenge_mode.o
 .debug_macro   0x00015a41       0x83 ./Core/Src/challenge_mode.o
 .debug_macro   0x00015ac4       0x88 ./Core/Src/challenge_mode.o
 .debug_macro   0x00015b4c       0x22 ./Core/Src/challenge_mode.o
 .debug_macro   0x00015b6e       0x67 ./Core/Src/challenge_mode.o
 .debug_macro   0x00015bd5       0x42 ./Core/Src/challenge_mode.o
 .debug_macro   0x00015c17       0x28 ./Core/Src/challenge_mode.o
 .debug_macro   0x00015c3f       0x82 ./Core/Src/challenge_mode.o
 .debug_macro   0x00015cc1       0x16 ./Core/Src/challenge_mode.o
 .debug_macro   0x00015cd7       0x61 ./Core/Src/challenge_mode.o
 .debug_macro   0x00015d38       0x24 ./Core/Src/challenge_mode.o
 .debug_macro   0x00015d5c       0x43 ./Core/Src/challenge_mode.o
 .debug_macro   0x00015d9f       0x34 ./Core/Src/challenge_mode.o
 .debug_macro   0x00015dd3      0x370 ./Core/Src/challenge_mode.o
 .debug_macro   0x00016143       0x16 ./Core/Src/challenge_mode.o
 .debug_macro   0x00016159       0x4a ./Core/Src/challenge_mode.o
 .debug_macro   0x000161a3       0x34 ./Core/Src/challenge_mode.o
 .debug_macro   0x000161d7       0x10 ./Core/Src/challenge_mode.o
 .debug_macro   0x000161e7       0x58 ./Core/Src/challenge_mode.o
 .debug_macro   0x0001623f       0x8e ./Core/Src/challenge_mode.o
 .debug_macro   0x000162cd       0x1c ./Core/Src/challenge_mode.o
 .debug_macro   0x000162e9      0x185 ./Core/Src/challenge_mode.o
 .debug_macro   0x0001646e       0x10 ./Core/Src/challenge_mode.o
 .debug_macro   0x0001647e       0x3c ./Core/Src/challenge_mode.o
 .debug_macro   0x000164ba       0x20 ./Core/Src/challenge_mode.o
 .debug_macro   0x000164da      0x2f7 ./Core/Src/game_control.o
 .debug_macro   0x000167d1       0x3c ./Core/Src/game_control.o
 .debug_macro   0x0001680d       0x6d ./Core/Src/game_control.o
 .debug_macro   0x0001687a       0x39 ./Core/Src/game_control.o
 .debug_macro   0x000168b3       0x3a ./Core/Src/game_control.o
 .debug_macro   0x000168ed       0x10 ./Core/Src/game_control.o
 .debug_macro   0x000168fd      0x2c4 ./Core/Src/keypad_driver.o
 .debug_macro   0x00016bc1      0x111 ./Core/Src/keypad_driver.o
 .debug_macro   0x00016cd2      0x2aa ./Core/Src/led_text.o
 .debug_macro   0x00016f7c      0x11f ./Core/Src/led_text.o
 .debug_macro   0x0001709b      0x314 ./Core/Src/main.o
 .debug_macro   0x000173af       0x7c ./Core/Src/main.o
 .debug_macro   0x0001742b       0x2e ./Core/Src/main.o
 .debug_macro   0x00017459      0x2cc ./Core/Src/othello_engine.o
 .debug_macro   0x00017725       0x1c ./Core/Src/othello_engine.o
 .debug_macro   0x00017741       0x1c ./Core/Src/othello_engine.o
 .debug_macro   0x0001775d      0x1b2 ./Core/Src/stm32f1xx_hal_msp.o
 .debug_macro   0x0001790f      0x1bc ./Core/Src/stm32f1xx_it.o
 .debug_macro   0x00017acb      0x112 ./Core/Src/sysmem.o
 .debug_macro   0x00017bdd      0x23c ./Core/Src/sysmem.o
 .debug_macro   0x00017e19      0x1a3 ./Core/Src/system_stm32f1xx.o
 .debug_macro   0x00017fbc      0x2ea ./Core/Src/uart_protocol.o
 .debug_macro   0x000182a6      0x2c1 ./Core/Src/ws2812b_driver.o
 .debug_macro   0x00018567      0x1c7 ./Drivers/STM32F1xx_HAL_Driver/Src/stm32f1xx_hal.o
 .debug_macro   0x0001872e      0x1a3 ./Drivers/STM32F1xx_HAL_Driver/Src/stm32f1xx_hal_cortex.o
 .debug_macro   0x000188d1      0x1a3 ./Drivers/STM32F1xx_HAL_Driver/Src/stm32f1xx_hal_dma.o
 .debug_macro   0x00018a74      0x20e ./Drivers/STM32F1xx_HAL_Driver/Src/stm32f1xx_hal_gpio.o
 .debug_macro   0x00018c82      0x1b5 ./Drivers/STM32F1xx_HAL_Driver/Src/stm32f1xx_hal_rcc.o
 .debug_macro   0x00018e37      0x1a4 ./Drivers/STM32F1xx_HAL_Driver/Src/stm32f1xx_hal_tim.o
 .debug_macro   0x00018fdb      0x1a3 ./Drivers/STM32F1xx_HAL_Driver/Src/stm32f1xx_hal_tim_ex.o
 .debug_macro   0x0001917e      0x1a4 ./Drivers/STM32F1xx_HAL_Driver/Src/stm32f1xx_hal_uart.o

.debug_line     0x00000000    0x1501f
 .debug_line    0x00000000      0xd05 ./Core/Src/challenge_mode.o
 .debug_line    0x00000d05      0xe9a ./Core/Src/game_control.o
 .debug_line    0x00001b9f     0x1204 ./Core/Src/keypad_driver.o
 .debug_line    0x00002da3      0xc21 ./Core/Src/led_text.o
 .debug_line    0x000039c4     0x1277 ./Core/Src/main.o
 .debug_line    0x00004c3b     0x1307 ./Core/Src/othello_engine.o
 .debug_line    0x00005f42      0x88e ./Core/Src/stm32f1xx_hal_msp.o
 .debug_line    0x000067d0      0x8a0 ./Core/Src/stm32f1xx_it.o
 .debug_line    0x00007070      0x73a ./Core/Src/sysmem.o
 .debug_line    0x000077aa      0x828 ./Core/Src/system_stm32f1xx.o
 .debug_line    0x00007fd2     0x100c ./Core/Src/uart_protocol.o
 .debug_line    0x00008fde      0xd49 ./Core/Src/ws2812b_driver.o
 .debug_line    0x00009d27       0x78 ./Core/Startup/startup_stm32f103c8tx.o
 .debug_line    0x00009d9f      0xa59 ./Drivers/STM32F1xx_HAL_Driver/Src/stm32f1xx_hal.o
 .debug_line    0x0000a7f8      0xc23 ./Drivers/STM32F1xx_HAL_Driver/Src/stm32f1xx_hal_cortex.o
 .debug_line    0x0000b41b      0xe63 ./Drivers/STM32F1xx_HAL_Driver/Src/stm32f1xx_hal_dma.o
 .debug_line    0x0000c27e      0xab6 ./Drivers/STM32F1xx_HAL_Driver/Src/stm32f1xx_hal_gpio.o
 .debug_line    0x0000cd34      0xf12 ./Drivers/STM32F1xx_HAL_Driver/Src/stm32f1xx_hal_rcc.o
 .debug_line    0x0000dc46     0x3547 ./Drivers/STM32F1xx_HAL_Driver/Src/stm32f1xx_hal_tim.o
 .debug_line    0x0001118d     0x191d ./Drivers/STM32F1xx_HAL_Driver/Src/stm32f1xx_hal_tim_ex.o
 .debug_line    0x00012aaa     0x2575 ./Drivers/STM32F1xx_HAL_Driver/Src/stm32f1xx_hal_uart.o

.debug_str      0x00000000    0x8e1ba
 .debug_str     0x00000000    0x8e1ba ./Core/Src/challenge_mode.o
                              0x8795c (size before relaxing)
 .debug_str     0x0008e1ba    0x880a6 ./Core/Src/game_control.o
 .debug_str     0x0008e1ba    0x87959 ./Core/Src/keypad_driver.o
 .debug_str     0x0008e1ba    0x8794a ./Core/Src/led_text.o
 .debug_str     0x0008e1ba    0x89a6a ./Core/Src/main.o
 .debug_str     0x0008e1ba    0x8793c ./Core/Src/othello_engine.o
 .debug_str     0x0008e1ba    0x844a7 ./Core/Src/stm32f1xx_hal_msp.o
 .debug_str     0x0008e1ba    0x840fb ./Core/Src/stm32f1xx_it.o
 .debug_str     0x0008e1ba     0x7729 ./Core/Src/sysmem.o
 .debug_str     0x0008e1ba    0x837a2 ./Core/Src/system_stm32f1xx.o
 .debug_str     0x0008e1ba    0x88100 ./Core/Src/uart_protocol.o
 .debug_str     0x0008e1ba    0x878a0 ./Core/Src/ws2812b_driver.o
 .debug_str     0x0008e1ba       0x83 ./Core/Startup/startup_stm32f103c8tx.o
 .debug_str     0x0008e1ba    0x83ed5 ./Drivers/STM32F1xx_HAL_Driver/Src/stm32f1xx_hal.o
 .debug_str     0x0008e1ba    0x83e21 ./Drivers/STM32F1xx_HAL_Driver/Src/stm32f1xx_hal_cortex.o
 .debug_str     0x0008e1ba    0x83b4b ./Drivers/STM32F1xx_HAL_Driver/Src/stm32f1xx_hal_dma.o
 .debug_str     0x0008e1ba    0x83b28 ./Drivers/STM32F1xx_HAL_Driver/Src/stm32f1xx_hal_gpio.o
 .debug_str     0x0008e1ba    0x83bd1 ./Drivers/STM32F1xx_HAL_Driver/Src/stm32f1xx_hal_rcc.o
 .debug_str     0x0008e1ba    0x84bd3 ./Drivers/STM32F1xx_HAL_Driver/Src/stm32f1xx_hal_tim.o
 .debug_str     0x0008e1ba    0x843df ./Drivers/STM32F1xx_HAL_Driver/Src/stm32f1xx_hal_tim_ex.o
 .debug_str     0x0008e1ba    0x84242 ./Drivers/STM32F1xx_HAL_Driver/Src/stm32f1xx_hal_uart.o

.comment        0x00000000       0x43
 .comment       0x00000000       0x43 ./Core/Src/challenge_mode.o
                                 0x44 (size before relaxing)
 .comment       0x00000043       0x44 ./Core/Src/game_control.o
 .comment       0x00000043       0x44 ./Core/Src/keypad_driver.o
 .comment       0x00000043       0x44 ./Core/Src/led_text.o
 .comment       0x00000043       0x44 ./Core/Src/main.o
 .comment       0x00000043       0x44 ./Core/Src/othello_engine.o
 .comment       0x00000043       0x44 ./Core/Src/stm32f1xx_hal_msp.o
 .comment       0x00000043       0x44 ./Core/Src/stm32f1xx_it.o
 .comment       0x00000043       0x44 ./Core/Src/sysmem.o
 .comment       0x00000043       0x44 ./Core/Src/system_stm32f1xx.o
 .comment       0x00000043       0x44 ./Core/Src/uart_protocol.o
 .comment       0x00000043       0x44 ./Core/Src/ws2812b_driver.o
 .comment       0x00000043       0x44 ./Drivers/STM32F1xx_HAL_Driver/Src/stm32f1xx_hal.o
 .comment       0x00000043       0x44 ./Drivers/STM32F1xx_HAL_Driver/Src/stm32f1xx_hal_cortex.o
 .comment       0x00000043       0x44 ./Drivers/STM32F1xx_HAL_Driver/Src/stm32f1xx_hal_dma.o
 .comment       0x00000043       0x44 ./Drivers/STM32F1xx_HAL_Driver/Src/stm32f1xx_hal_gpio.o
 .comment       0x00000043       0x44 ./Drivers/STM32F1xx_HAL_Driver/Src/stm32f1xx_hal_rcc.o
 .comment       0x00000043       0x44 ./Drivers/STM32F1xx_HAL_Driver/Src/stm32f1xx_hal_tim.o
 .comment       0x00000043       0x44 ./Drivers/STM32F1xx_HAL_Driver/Src/stm32f1xx_hal_tim_ex.o
 .comment       0x00000043       0x44 ./Drivers/STM32F1xx_HAL_Driver/Src/stm32f1xx_hal_uart.o

.debug_frame    0x00000000     0x4db8
 .debug_frame   0x00000000      0x204 ./Core/Src/challenge_mode.o
 .debug_frame   0x00000204      0x278 ./Core/Src/game_control.o
 .debug_frame   0x0000047c      0x468 ./Core/Src/keypad_driver.o
 .debug_frame   0x000008e4      0x104 ./Core/Src/led_text.o
 .debug_frame   0x000009e8      0x30c ./Core/Src/main.o
 .debug_frame   0x00000cf4      0x438 ./Core/Src/othello_engine.o
 .debug_frame   0x0000112c       0xec ./Core/Src/stm32f1xx_hal_msp.o
 .debug_frame   0x00001218      0x158 ./Core/Src/stm32f1xx_it.o
 .debug_frame   0x00001370       0x34 ./Core/Src/sysmem.o
 .debug_frame   0x000013a4       0x58 ./Core/Src/system_stm32f1xx.o
 .debug_frame   0x000013fc      0x3fc ./Core/Src/uart_protocol.o
 .debug_frame   0x000017f8      0x208 ./Core/Src/ws2812b_driver.o
 .debug_frame   0x00001a00      0x334 ./Drivers/STM32F1xx_HAL_Driver/Src/stm32f1xx_hal.o
 .debug_frame   0x00001d34      0x428 ./Drivers/STM32F1xx_HAL_Driver/Src/stm32f1xx_hal_cortex.o
 .debug_frame   0x0000215c      0x208 ./Drivers/STM32F1xx_HAL_Driver/Src/stm32f1xx_hal_dma.o
 .debug_frame   0x00002364      0x14c ./Drivers/STM32F1xx_HAL_Driver/Src/stm32f1xx_hal_gpio.o
 .debug_frame   0x000024b0      0x218 ./Drivers/STM32F1xx_HAL_Driver/Src/stm32f1xx_hal_rcc.o
 .debug_frame   0x000026c8     0x11b8 ./Drivers/STM32F1xx_HAL_Driver/Src/stm32f1xx_hal_tim.o
 .debug_frame   0x00003880      0x638 ./Drivers/STM32F1xx_HAL_Driver/Src/stm32f1xx_hal_tim_ex.o
 .debug_frame   0x00003eb8      0x944 ./Drivers/STM32F1xx_HAL_Driver/Src/stm32f1xx_hal_uart.o
 .debug_frame   0x000047fc      0x144 D:/Software/Tools/CubeIDE/STM32CubeIDE_1.19.0/STM32CubeIDE/plugins/com.st.stm32cube.ide.mcu.externaltools.gnu-tools-for-stm32.13.3.rel1.win32_1.0.0.202411081344/tools/bin/../lib/gcc/arm-none-eabi/13.3.1/../../../../arm-none-eabi/lib/thumb/v7-m/nofp\libc_nano.a(libc_a-findfp.o)
 .debug_frame   0x00004940       0x7c D:/Software/Tools/CubeIDE/STM32CubeIDE_1.19.0/STM32CubeIDE/plugins/com.st.stm32cube.ide.mcu.externaltools.gnu-tools-for-stm32.13.3.rel1.win32_1.0.0.202411081344/tools/bin/../lib/gcc/arm-none-eabi/13.3.1/../../../../arm-none-eabi/lib/thumb/v7-m/nofp\libc_nano.a(libc_a-snprintf.o)
 .debug_frame   0x000049bc       0x20 D:/Software/Tools/CubeIDE/STM32CubeIDE_1.19.0/STM32CubeIDE/plugins/com.st.stm32cube.ide.mcu.externaltools.gnu-tools-for-stm32.13.3.rel1.win32_1.0.0.202411081344/tools/bin/../lib/gcc/arm-none-eabi/13.3.1/../../../../arm-none-eabi/lib/thumb/v7-m/nofp\libc_nano.a(libc_a-memset.o)