../Core/Src/game_control.c:38:23:Game_Control_Init	8	static
../Core/Src/game_control.c:57:23:Game_Control_DeInit	8	static
../Core/Src/game_control.c:70:23:Game_Control_Start	16	static
../Core/Src/game_control.c:101:23:Game_Control_Pause	8	static
../Core/Src/game_control.c:127:23:Game_Control_Resume	16	static
../Core/Src/game_control.c:155:23:Game_Control_End	24	static
../Core/Src/game_control.c:192:23:Game_Control_Reset	16	static
../Core/Src/game_control.c:218:23:Game_Control_HandleAction	24	static
../Core/Src/game_control.c:258:6:Game_Control_HandleKey	24	static
../Core/Src/game_control.c:305:22:Game_Control_GetState	4	static
../Core/Src/game_control.c:313:31:Game_Control_GetContext	4	static
../Core/Src/game_control.c:321:10:Game_Control_GetTimeInState	8	static
../Core/Src/game_control.c:333:10:Game_Control_GetTotalPauseTime	16	static
../Core/Src/game_control.c:348:10:Game_Control_GetEffectiveGameTime	24	static
../Core/Src/game_control.c:370:6:Game_Control_IsActionValid	16	static
../Core/Src/game_control.c:402:13:Game_Control_GetStateName	16	static
../Core/Src/game_control.c:418:13:Game_Control_EnterState	16	static
../Core/Src/game_control.c:428:13:Game_Control_SendStateUpdate	72	static
