../Core/Src/keypad_driver.c:70:17:Keypad_Init	16	static
../Core/Src/keypad_driver.c:105:17:Keypad_DeInit	16	static
../Core/Src/keypad_driver.c:125:6:Keypad_Scan	32	static
../Core/Src/keypad_driver.c:194:7:Keypad_GetKey	40	static
../Core/Src/keypad_driver.c:215:6:Keypad_IsKeyPressed	24	static
../Core/Src/keypad_driver.c:228:12:Keypad_GetKeyState	16	static
../Core/Src/keypad_driver.c:240:10:Keypad_GetPressDuration	24	static
../Core/Src/keypad_driver.c:257:10:Keypad_GetPressedKeys	16	static
../Core/Src/keypad_driver.c:280:17:Keypad_Register_Callback	16	static
../Core/Src/keypad_driver.c:293:6:Keypad_Quick_Check	16	static
../Core/Src/keypad_driver.c:327:17:Keypad_SetDebounceTime	16	static
../Core/Src/keypad_driver.c:340:17:Keypad_SetLongPressTime	16	static
../Core/Src/keypad_driver.c:353:17:Keypad_GetStatistics	16	static
../Core/Src/keypad_driver.c:367:17:Keypad_ResetStatistics	4	static
../Core/Src/keypad_driver.c:381:6:Keypad_Scan_Task	16	static
../Core/Src/keypad_driver.c:398:13:Keypad_SetRowState	16	static
../Core/Src/keypad_driver.c:408:22:Keypad_ReadColumn	16	static
../Core/Src/keypad_driver.c:420:13:Keypad_ProcessDebounce	24	static
../Core/Src/keypad_driver.c:462:13:Keypad_AddEvent	16	static
../Core/Src/keypad_driver.c:479:13:Keypad_ResetKey	16	static
../Core/Src/keypad_driver.c:492:13:Keypad_DelayUs	24	static
../Core/Src/keypad_driver.c:504:21:Keypad_PhysicalToLogical	16	static
../Core/Src/keypad_driver.c:515:6:Keypad_LogicalToPhysical	32	static
../Core/Src/keypad_driver.c:536:6:Keypad_GetKeyChar	16	static
../Core/Src/keypad_driver.c:547:13:Keypad_GetKeyName	16	static
../Core/Src/keypad_driver.c:558:9:Keypad_KeyToNumber	16	static
../Core/Src/keypad_driver.c:571:9:Keypad_KeyToHex	16	static
../Core/Src/keypad_driver.c:586:6:Keypad_GetDirection	24	static
../Core/Src/keypad_driver.c:614:6:Keypad_IsValidMoveCombination	24	static
