../Core/Src/main.c:93:13:Convert_GameState_to_Protocol	24	static
../Core/Src/main.c:118:26:Send_GameState_Via_Protocol	88	static
../Core/Src/main.c:130:5:main	16	static
../Core/Src/main.c:263:6:SystemClock_Config	72	static
../Core/Src/main.c:303:13:MX_TIM2_Init	64	static
../Core/Src/main.c:362:13:MX_USART1_UART_Init	8	static
../Core/Src/main.c:393:13:MX_DMA_Init	16	static
../Core/Src/main.c:411:13:MX_GPIO_Init	40	static
../Core/Src/main.c:450:6:HAL_TIM_PWM_PulseFinishedCallback	16	static
../Core/Src/main.c:462:6:WS2812B_DMA_Complete_IRQ_Handler	8	static
../Core/Src/main.c:471:6:App_Init	8	static
../Core/Src/main.c:513:6:App_Main_Loop	24	static
../Core/Src/main.c:537:6:App_UpdateCursor	16	static
../Core/Src/main.c:559:6:App_DisplayGameBoard	24	static
../Core/Src/main.c:599:6:App_ProcessKeyEvent	24	static
../Core/Src/main.c:769:6:App_PrintGameHistory	16	static
../Core/Src/main.c:809:6:App_UpdateGameDisplay	16	static
../Core/Src/main.c:830:6:App_HandleGameOver	32	static
../Core/Src/main.c:902:6:Keypad_Key_Event_Handler	24	static
../Core/Src/main.c:952:6:Protocol_Command_Handler	40	static
../Core/Src/main.c:1090:6:HAL_UART_RxCpltCallback	16	static
../Core/Src/main.c:1102:6:Error_Handler	4	static,ignoring_inline_asm
