../Core/Src/main.c:102:13:Convert_GameState_to_Protocol	24	static
../Core/Src/main.c:127:26:Send_GameState_Via_Protocol	88	static
../Core/Src/main.c:139:5:main	16	static
../Core/Src/main.c:272:6:SystemClock_Config	72	static
../Core/Src/main.c:312:13:MX_TIM2_Init	64	static
../Core/Src/main.c:371:13:MX_USART1_UART_Init	8	static
../Core/Src/main.c:402:13:MX_DMA_Init	16	static
../Core/Src/main.c:420:13:MX_GPIO_Init	40	static
../Core/Src/main.c:459:6:HAL_TIM_PWM_PulseFinishedCallback	16	static
../Core/Src/main.c:471:6:WS2812B_DMA_Complete_IRQ_Handler	8	static
../Core/Src/main.c:480:6:App_Init	8	static
../Core/Src/main.c:523:6:App_Main_Loop	24	static
../Core/Src/main.c:554:6:App_UpdateCursor	16	static
../Core/Src/main.c:576:6:App_DisplayGameBoard	24	static
../Core/Src/main.c:616:6:App_ProcessKeyEvent	48	static
../Core/Src/main.c:897:6:App_PrintGameHistory	16	static
../Core/Src/main.c:937:6:App_UpdateGameDisplay	16	static
../Core/Src/main.c:958:6:App_HandleGameOver	48	static
../Core/Src/main.c:1099:6:Keypad_Key_Event_Handler	24	static
../Core/Src/main.c:1149:6:Protocol_Command_Handler	56	static
../Core/Src/main.c:1419:6:HAL_UART_RxCpltCallback	16	static
../Core/Src/main.c:1431:6:Error_Handler	4	static,ignoring_inline_asm
