../Core/Src/main.c:78:13:Convert_GameState_to_Protocol	24	static
../Core/Src/main.c:103:26:Send_GameState_Via_Protocol	88	static
../Core/Src/main.c:115:5:main	8	static
../Core/Src/main.c:207:6:SystemClock_Config	72	static
../Core/Src/main.c:247:13:MX_TIM2_Init	64	static
../Core/Src/main.c:306:13:MX_USART1_UART_Init	8	static
../Core/Src/main.c:337:13:MX_DMA_Init	16	static
../Core/Src/main.c:355:13:MX_GPIO_Init	40	static
../Core/Src/main.c:394:6:HAL_TIM_PWM_PulseFinishedCallback	16	static
../Core/Src/main.c:406:6:WS2812B_DMA_Complete_IRQ_Handler	8	static
../Core/Src/main.c:415:6:App_Init	8	static
../Core/Src/main.c:436:6:App_Main_Loop	24	static
../Core/Src/main.c:460:6:App_DisplayGameBoard	24	static
../Core/Src/main.c:486:6:App_ProcessKeyEvent	32	static
../Core/Src/main.c:550:6:App_UpdateGameDisplay	16	static
../Core/Src/main.c:571:6:App_HandleGameOver	32	static
../Core/Src/main.c:623:6:Keypad_Key_Event_Handler	24	static
../Core/Src/main.c:670:6:Protocol_Command_Handler	32	static
../Core/Src/main.c:751:6:HAL_UART_RxCpltCallback	16	static
../Core/Src/main.c:762:6:Error_Handler	4	static,ignoring_inline_asm
