../Core/Src/othello_engine.c:55:18:Othello_Init	8	static
../Core/Src/othello_engine.c:71:18:Othello_NewGame	16	static
../Core/Src/othello_engine.c:111:6:Othello_IsValidMove	16	static
../Core/Src/othello_engine.c:130:9:Othello_MakeMove	48	static
../Core/Src/othello_engine.c:189:18:Othello_PassTurn	16	static
../Core/Src/othello_engine.c:209:6:Othello_IsGameOver	16	static
../Core/Src/othello_engine.c:217:13:Othello_GetWinner	16	static
../Core/Src/othello_engine.c:235:14:Othello_GetGameStatus	16	static
../Core/Src/othello_engine.c:245:9:Othello_GetValidMoves	40	static
../Core/Src/othello_engine.c:273:9:Othello_CountValidMoves	24	static
../Core/Src/othello_engine.c:295:6:Othello_HasValidMoves	24	static
../Core/Src/othello_engine.c:315:9:Othello_SimulateMove	48	static
../Core/Src/othello_engine.c:341:9:Othello_CountPieces	24	static
../Core/Src/othello_engine.c:363:13:Othello_GetPiece	16	static
../Core/Src/othello_engine.c:375:6:Othello_IsEdgePosition	16	static
../Core/Src/othello_engine.c:383:6:Othello_IsCornerPosition	16	static
../Core/Src/othello_engine.c:393:18:Othello_CopyState	16	static
../Core/Src/othello_engine.c:406:18:Othello_ResetState	16	static
../Core/Src/othello_engine.c:418:18:Othello_UpdateStats	24	static
../Core/Src/othello_engine.c:465:10:Othello_GetGameDuration	24	static
../Core/Src/othello_engine.c:480:6:Othello_PieceToChar	16	static
../Core/Src/othello_engine.c:492:13:Othello_CharToPiece	16	static
../Core/Src/othello_engine.c:504:18:Othello_PrintBoard	56	static
../Core/Src/othello_engine.c:535:6:Othello_ValidateBoardState	24	static
../Core/Src/othello_engine.c:568:16:Othello_FlipPiecesInDirection	24	static
../Core/Src/othello_engine.c:609:13:Othello_UpdatePieceCounts	16	static
../Core/Src/othello_engine.c:622:13:Othello_InvalidateValidMovesCache	16	static
../Core/Src/othello_engine.c:633:13:Othello_UpdateGameStatus	16	static
