../Core/Src/othello_engine.c:55:18:Othello_Init	8	static
../Core/Src/othello_engine.c:71:18:Othello_NewGame	16	static
../Core/Src/othello_engine.c:112:6:Othello_IsValidMove	16	static
../Core/Src/othello_engine.c:131:9:Othello_MakeMove	48	static
../Core/Src/othello_engine.c:197:18:Othello_PassTurn	16	static
../Core/Src/othello_engine.c:217:6:Othello_IsGameOver	16	static
../Core/Src/othello_engine.c:225:13:Othello_GetWinner	16	static
../Core/Src/othello_engine.c:243:14:Othello_GetGameStatus	16	static
../Core/Src/othello_engine.c:253:9:Othello_GetValidMoves	40	static
../Core/Src/othello_engine.c:281:9:Othello_CountValidMoves	24	static
../Core/Src/othello_engine.c:303:6:Othello_HasValidMoves	24	static
../Core/Src/othello_engine.c:323:9:Othello_SimulateMove	48	static
../Core/Src/othello_engine.c:349:9:Othello_CountPieces	24	static
../Core/Src/othello_engine.c:371:13:Othello_GetPiece	16	static
../Core/Src/othello_engine.c:383:6:Othello_IsEdgePosition	16	static
../Core/Src/othello_engine.c:391:6:Othello_IsCornerPosition	16	static
../Core/Src/othello_engine.c:401:18:Othello_CopyState	16	static
../Core/Src/othello_engine.c:414:18:Othello_ResetState	24	static
../Core/Src/othello_engine.c:430:18:Othello_UpdateStats	24	static
../Core/Src/othello_engine.c:477:10:Othello_GetGameDuration	24	static
../Core/Src/othello_engine.c:492:6:Othello_PieceToChar	16	static
../Core/Src/othello_engine.c:504:13:Othello_CharToPiece	16	static
../Core/Src/othello_engine.c:516:18:Othello_PrintBoard	56	static
../Core/Src/othello_engine.c:547:6:Othello_ValidateBoardState	24	static
../Core/Src/othello_engine.c:580:16:Othello_FlipPiecesInDirection	24	static
../Core/Src/othello_engine.c:621:13:Othello_UpdatePieceCounts	16	static
../Core/Src/othello_engine.c:634:13:Othello_InvalidateValidMovesCache	16	static
../Core/Src/othello_engine.c:645:13:Othello_UpdateGameStatus	16	static
