../Core/Src/ws2812b_driver.c:75:18:WS2812B_Init	16	static
../Core/Src/ws2812b_driver.c:107:18:WS2812B_SetPixel	24	static
../Core/Src/ws2812b_driver.c:131:18:WS2812B_SetPixelByIndex	16	static
../Core/Src/ws2812b_driver.c:147:18:WS2812B_Clear	8	static
../Core/Src/ws2812b_driver.c:163:18:WS2812B_Update	8	static
../Core/Src/ws2812b_driver.c:193:18:WS2812B_SetBrightness	16	static
../Core/Src/ws2812b_driver.c:208:9:WS2812B_GetBrightness	4	static
../Core/Src/ws2812b_driver.c:216:9:WS2812B_IsBusy	4	static
../Core/Src/ws2812b_driver.c:224:18:WS2812B_Fill	24	static
../Core/Src/ws2812b_driver.c:242:6:WS2812B_DMA_Complete_Callback	16	static
../Core/Src/ws2812b_driver.c:257:18:WS2812B_Test_RGB_Pattern	16	static
../Core/Src/ws2812b_driver.c:298:13:WS2812B_Convert_RGB_to_PWM	24	static
../Core/Src/ws2812b_driver.c:333:13:WS2812B_Set_LED_Color_Raw	16	static
